###############################################################################
#                                                                             #
# IAR ELF Linker V6.30.1.53127/W32 for ARM              17/Jun/2021  16:00:19 #
# Copyright 2007-2011 IAR Systems AB.                                         #
#                                                                             #
#    Output file  =  F:\ÐìÏþ½¡\EGS502T2-ZL(AP-UDS)\iar\DEBUG\Exe\Project.out  #
#    Map file     =  F:\ÐìÏþ½¡\EGS502T2-ZL(AP-UDS)\iar\DEBUG\List\Project.map #
#    Command line =  "F:\ÐìÏþ½¡\EGS502T2-ZL(AP-UDS)\iar\Debug\Obj\AdapterPara #
#                    meter.o" "F:\ÐìÏþ½¡\EGS502T2-ZL(AP-UDS)\iar\Debug\Obj\Ad #
#                    apterSms.o" "F:\ÐìÏþ½¡\EGS502T2-ZL(AP-UDS)\iar\Debug\Obj #
#                    \DriveAdc.o" "F:\ÐìÏþ½¡\EGS502T2-ZL(AP-UDS)\iar\Debug\Ob #
#                    j\DriveCan2.o" "F:\ÐìÏþ½¡\EGS502T2-ZL(AP-UDS)\iar\Debug\ #
#                    Obj\DriveCrc.o" "F:\ÐìÏþ½¡\EGS502T2-ZL(AP-UDS)\iar\Debug #
#                    \Obj\DriveSysTick.o" "F:\ÐìÏþ½¡\EGS502T2-ZL(AP-UDS)\iar\ #
#                    Debug\Obj\DriveUsart1.o" "F:\ÐìÏþ½¡\EGS502T2-ZL(AP-UDS)\ #
#                    iar\Debug\Obj\DriveUsart2.o"                             #
#                    "F:\ÐìÏþ½¡\EGS502T2-ZL(AP-UDS)\iar\Debug\Obj\DriveUsart6 #
#                    .o" "F:\ÐìÏþ½¡\EGS502T2-ZL(AP-UDS)\iar\Debug\Obj\DriverL #
#                    is2dh.o" "F:\ÐìÏþ½¡\EGS502T2-ZL(AP-UDS)\iar\Debug\Obj\Ee #
#                    yeLib.o" "F:\ÐìÏþ½¡\EGS502T2-ZL(AP-UDS)\iar\Debug\Obj\Fu #
#                    nctionIo.o" "F:\ÐìÏþ½¡\EGS502T2-ZL(AP-UDS)\iar\Debug\Obj #
#                    \GprsNetwork.o" "F:\ÐìÏþ½¡\EGS502T2-ZL(AP-UDS)\iar\Debug #
#                    \Obj\InterfaceIap.o" "F:\ÐìÏþ½¡\EGS502T2-ZL(AP-UDS)\iar\ #
#                    Debug\Obj\InterfaceInCom.o"                              #
#                    "F:\ÐìÏþ½¡\EGS502T2-ZL(AP-UDS)\iar\Debug\Obj\InterfaceSy #
#                    stem.o" "F:\ÐìÏþ½¡\EGS502T2-ZL(AP-UDS)\iar\Debug\Obj\MD5 #
#                    _NEW.o" "F:\ÐìÏþ½¡\EGS502T2-ZL(AP-UDS)\iar\Debug\Obj\Man #
#                    ageAlarm.o" "F:\ÐìÏþ½¡\EGS502T2-ZL(AP-UDS)\iar\Debug\Obj #
#                    \ManageBlindArea.o" "F:\ÐìÏþ½¡\EGS502T2-ZL(AP-UDS)\iar\D #
#                    ebug\Obj\ManageBusPulse.o" "F:\ÐìÏþ½¡\EGS502T2-ZL(AP-UDS #
#                    )\iar\Debug\Obj\ManageCanBus.o"                          #
#                    "F:\ÐìÏþ½¡\EGS502T2-ZL(AP-UDS)\iar\Debug\Obj\ManageDs18b #
#                    20.o" "F:\ÐìÏþ½¡\EGS502T2-ZL(AP-UDS)\iar\Debug\Obj\Manag #
#                    eExDev.o" "F:\ÐìÏþ½¡\EGS502T2-ZL(AP-UDS)\iar\Debug\Obj\M #
#                    anageFlashProgram.o" "F:\ÐìÏþ½¡\EGS502T2-ZL(AP-UDS)\iar\ #
#                    Debug\Obj\ManageKeyUnlock.o"                             #
#                    "F:\ÐìÏþ½¡\EGS502T2-ZL(AP-UDS)\iar\Debug\Obj\ManageLockC #
#                    ar.o" "F:\ÐìÏþ½¡\EGS502T2-ZL(AP-UDS)\iar\Debug\Obj\Manag #
#                    ePacketUpdate.o" "F:\ÐìÏþ½¡\EGS502T2-ZL(AP-UDS)\iar\Debu #
#                    g\Obj\ManagePortControl.o" "F:\ÐìÏþ½¡\EGS502T2-ZL(AP-UDS #
#                    )\iar\Debug\Obj\ManagePosTrack.o"                        #
#                    "F:\ÐìÏþ½¡\EGS502T2-ZL(AP-UDS)\iar\Debug\Obj\ManageProto #
#                    col.o" "F:\ÐìÏþ½¡\EGS502T2-ZL(AP-UDS)\iar\Debug\Obj\Mana #
#                    geRemoteUpdate.o" "F:\ÐìÏþ½¡\EGS502T2-ZL(AP-UDS)\iar\Deb #
#                    ug\Obj\ManageTime.o" "F:\ÐìÏþ½¡\EGS502T2-ZL(AP-UDS)\iar\ #
#                    Debug\Obj\ManageVoltSample.o"                            #
#                    "F:\ÐìÏþ½¡\EGS502T2-ZL(AP-UDS)\iar\Debug\Obj\ManageWatch #
#                    dog.o" "F:\ÐìÏþ½¡\EGS502T2-ZL(AP-UDS)\iar\Debug\Obj\Mana #
#                    geWorkStat.o" "F:\ÐìÏþ½¡\EGS502T2-ZL(AP-UDS)\iar\Debug\O #
#                    bj\MileMeter.o" "F:\ÐìÏþ½¡\EGS502T2-ZL(AP-UDS)\iar\Debug #
#                    \Obj\ModuleGps.o" "F:\ÐìÏþ½¡\EGS502T2-ZL(AP-UDS)\iar\Deb #
#                    ug\Obj\NewBusOut.o" "F:\ÐìÏþ½¡\EGS502T2-ZL(AP-UDS)\iar\D #
#                    ebug\Obj\OS_EVENT.o" "F:\ÐìÏþ½¡\EGS502T2-ZL(AP-UDS)\iar\ #
#                    Debug\Obj\OS_TASK.o" "F:\ÐìÏþ½¡\EGS502T2-ZL(AP-UDS)\iar\ #
#                    Debug\Obj\SpiFlash.o" "F:\ÐìÏþ½¡\EGS502T2-ZL(AP-UDS)\iar #
#                    \Debug\Obj\e2prom_93C86.o" "F:\ÐìÏþ½¡\EGS502T2-ZL(AP-UDS #
#                    )\iar\Debug\Obj\hmacsha1.o"                              #
#                    "F:\ÐìÏþ½¡\EGS502T2-ZL(AP-UDS)\iar\Debug\Obj\main.o"     #
#                    "F:\ÐìÏþ½¡\EGS502T2-ZL(AP-UDS)\iar\Debug\Obj\misc.o"     #
#                    "F:\ÐìÏþ½¡\EGS502T2-ZL(AP-UDS)\iar\Debug\Obj\myPrintf.o" #
#                     "F:\ÐìÏþ½¡\EGS502T2-ZL(AP-UDS)\iar\Debug\Obj\rtc.o"     #
#                    "F:\ÐìÏþ½¡\EGS502T2-ZL(AP-UDS)\iar\Debug\Obj\startup_stm #
#                    32f2xx.o" "F:\ÐìÏþ½¡\EGS502T2-ZL(AP-UDS)\iar\Debug\Obj\s #
#                    tm32f2xx_adc.o" "F:\ÐìÏþ½¡\EGS502T2-ZL(AP-UDS)\iar\Debug #
#                    \Obj\stm32f2xx_can.o" "F:\ÐìÏþ½¡\EGS502T2-ZL(AP-UDS)\iar #
#                    \Debug\Obj\stm32f2xx_crc.o"                              #
#                    "F:\ÐìÏþ½¡\EGS502T2-ZL(AP-UDS)\iar\Debug\Obj\stm32f2xx_c #
#                    ryp.o" "F:\ÐìÏþ½¡\EGS502T2-ZL(AP-UDS)\iar\Debug\Obj\stm3 #
#                    2f2xx_cryp_aes.o" "F:\ÐìÏþ½¡\EGS502T2-ZL(AP-UDS)\iar\Deb #
#                    ug\Obj\stm32f2xx_cryp_des.o"                             #
#                    "F:\ÐìÏþ½¡\EGS502T2-ZL(AP-UDS)\iar\Debug\Obj\stm32f2xx_c #
#                    ryp_tdes.o" "F:\ÐìÏþ½¡\EGS502T2-ZL(AP-UDS)\iar\Debug\Obj #
#                    \stm32f2xx_dac.o" "F:\ÐìÏþ½¡\EGS502T2-ZL(AP-UDS)\iar\Deb #
#                    ug\Obj\stm32f2xx_dbgmcu.o" "F:\ÐìÏþ½¡\EGS502T2-ZL(AP-UDS #
#                    )\iar\Debug\Obj\stm32f2xx_dcmi.o"                        #
#                    "F:\ÐìÏþ½¡\EGS502T2-ZL(AP-UDS)\iar\Debug\Obj\stm32f2xx_d #
#                    ma.o" "F:\ÐìÏþ½¡\EGS502T2-ZL(AP-UDS)\iar\Debug\Obj\stm32 #
#                    f2xx_exti.o" "F:\ÐìÏþ½¡\EGS502T2-ZL(AP-UDS)\iar\Debug\Ob #
#                    j\stm32f2xx_flash.o" "F:\ÐìÏþ½¡\EGS502T2-ZL(AP-UDS)\iar\ #
#                    Debug\Obj\stm32f2xx_fsmc.o"                              #
#                    "F:\ÐìÏþ½¡\EGS502T2-ZL(AP-UDS)\iar\Debug\Obj\stm32f2xx_g #
#                    pio.o" "F:\ÐìÏþ½¡\EGS502T2-ZL(AP-UDS)\iar\Debug\Obj\stm3 #
#                    2f2xx_hash.o" "F:\ÐìÏþ½¡\EGS502T2-ZL(AP-UDS)\iar\Debug\O #
#                    bj\stm32f2xx_hash_md5.o" "F:\ÐìÏþ½¡\EGS502T2-ZL(AP-UDS)\ #
#                    iar\Debug\Obj\stm32f2xx_hash_sha1.o"                     #
#                    "F:\ÐìÏþ½¡\EGS502T2-ZL(AP-UDS)\iar\Debug\Obj\stm32f2xx_i #
#                    2c.o" "F:\ÐìÏþ½¡\EGS502T2-ZL(AP-UDS)\iar\Debug\Obj\stm32 #
#                    f2xx_it.o" "F:\ÐìÏþ½¡\EGS502T2-ZL(AP-UDS)\iar\Debug\Obj\ #
#                    stm32f2xx_iwdg.o" "F:\ÐìÏþ½¡\EGS502T2-ZL(AP-UDS)\iar\Deb #
#                    ug\Obj\stm32f2xx_pwr.o" "F:\ÐìÏþ½¡\EGS502T2-ZL(AP-UDS)\i #
#                    ar\Debug\Obj\stm32f2xx_rcc.o"                            #
#                    "F:\ÐìÏþ½¡\EGS502T2-ZL(AP-UDS)\iar\Debug\Obj\stm32f2xx_r #
#                    ng.o" "F:\ÐìÏþ½¡\EGS502T2-ZL(AP-UDS)\iar\Debug\Obj\stm32 #
#                    f2xx_rtc.o" "F:\ÐìÏþ½¡\EGS502T2-ZL(AP-UDS)\iar\Debug\Obj #
#                    \stm32f2xx_sdio.o" "F:\ÐìÏþ½¡\EGS502T2-ZL(AP-UDS)\iar\De #
#                    bug\Obj\stm32f2xx_spi.o" "F:\ÐìÏþ½¡\EGS502T2-ZL(AP-UDS)\ #
#                    iar\Debug\Obj\stm32f2xx_syscfg.o"                        #
#                    "F:\ÐìÏþ½¡\EGS502T2-ZL(AP-UDS)\iar\Debug\Obj\stm32f2xx_s #
#                    ystick.o" "F:\ÐìÏþ½¡\EGS502T2-ZL(AP-UDS)\iar\Debug\Obj\s #
#                    tm32f2xx_tim.o" "F:\ÐìÏþ½¡\EGS502T2-ZL(AP-UDS)\iar\Debug #
#                    \Obj\stm32f2xx_usart.o" "F:\ÐìÏþ½¡\EGS502T2-ZL(AP-UDS)\i #
#                    ar\Debug\Obj\stm32f2xx_wwdg.o"                           #
#                    "F:\ÐìÏþ½¡\EGS502T2-ZL(AP-UDS)\iar\Debug\Obj\system_stm3 #
#                    2f2xx.o" "F:\ÐìÏþ½¡\EGS502T2-ZL(AP-UDS)\sorce\extern\enc #
#                    ryption.a" --redirect _Printf=_PrintfSmall --redirect    #
#                    _Scanf=_ScanfSmall -o "F:\ÐìÏþ½¡\EGS502T2-ZL(AP-UDS)\iar #
#                    \DEBUG\Exe\Project.out" --map                            #
#                    "F:\ÐìÏþ½¡\EGS502T2-ZL(AP-UDS)\iar\DEBUG\List\Project.ma #
#                    p" --config "F:\ÐìÏþ½¡\EGS502T2-ZL(AP-UDS)\iar\stm32f2xx #
#                    _flash.icf" --semihosting --entry __iar_program_start    #
#                    --vfe                                                    #
#                                                                             #
#                                                                             #
###############################################################################

*******************************************************************************
*** RUNTIME MODEL ATTRIBUTES
***

CppFlavor                     = *
__Heap_Handler                = Basic
__SystemLibrary               = DLib
__dlib_dynamic_initialization = normal


*******************************************************************************
*** PLACEMENT SUMMARY
***

"A1":  place at 0x08004000 { ro section .intvec };
"P1":  place in [from 0x08004000 to 0x080fffff] { ro };
"P2":  place in [from 0x20000000 to 0x20020000] { rw, block CSTACK, block HEAP };

  Section            Kind        Address     Size  Object
  -------            ----        -------     ----  ------
"A1":                                       0x184
  .intvec            ro code  0x08004000    0x184  startup_stm32f2xx.o [1]
                            - 0x08004184    0x184

"P1":                                     0x1e834
  .text              ro code  0x08004184   0x556c  GprsNetwork.o [1]
  .text              ro code  0x080096f0   0x103c  InterfaceSystem.o [1]
  .text              ro code  0x0800a72c    0x1b8  ManageTime.o [1]
  .text              ro code  0x0800a8e4    0x3d4  AdapterParameter.o [1]
  .text              ro code  0x0800acb8    0x188  FunctionIo.o [1]
  .text              ro code  0x0800ae40     0x14  ManageRemoteUpdate.o [1]
  .text              ro code  0x0800ae54    0x222  OS_TASK.o [1]
  .text              ro code  0x0800b076     0x22  zero_init3.o [6]
  .text              ro code  0x0800b098    0x250  ManageAlarm.o [1]
  .text              ro code  0x0800b2e8   0x10a4  ModuleGps.o [1]
  .text              ro code  0x0800c38c    0xa08  ManagePosTrack.o [1]
  .text              ro code  0x0800cd94      0xe  ModuleGps.o [1]
  .text              ro code  0x0800cda2      0xa  xsprout.o [3]
  .text              ro code  0x0800cdac     0x24  printf.o [3]
  .text              ro code  0x0800cdd0     0xa0  OS_EVENT.o [1]
  .text              ro code  0x0800ce70    0x794  ManageLockCar.o [1]
  .text              ro code  0x0800d604   0x29e8  ManageProtocol.o [1]
  .text              ro code  0x0800ffec    0x808  ManageFlashProgram.o [1]
  .text              ro code  0x080107f4    0x5b0  ManagePacketUpdate.o [1]
  .text              ro code  0x08010da4    0x88c  ManageRemoteUpdate.o [1]
  .text              ro code  0x08011630     0x2a  strncmp.o [3]
  .text              ro code  0x0801165c    0x36e  EeyeLib.o [1]
  .text              ro code  0x080119ca      0x8  main.o [1]
  .text              ro code  0x080119d2      0x6  myPrintf.o [1]
  .text              ro code  0x080119d8    0x1da  stm32f2xx_usart.o [1]
  .text              ro code  0x08011bb4     0x34  sprintf.o [3]
  .text              ro code  0x08011be8     0x36  strlen.o [6]
  .text              ro code  0x08011c20    0x8b4  AdapterSms.o [1]
  .text              ro code  0x080124d4    0x744  ManageKeyUnlock.o [1]
  .text              ro code  0x08012c18     0x16  strchr.o [6]
  .text              ro code  0x08012c30    0x3bc  rtc.o [1]
  .text              ro code  0x08012fec      0x8  abs.o [3]
  .text              ro code  0x08012ff4      0x6  ABImemclr4.o [6]
  .text              ro code  0x08012ffc     0x62  memcmp.o [6]
  .text              ro code  0x08013060     0x8c  DriveCrc.o [1]
  .text              ro code  0x080130ec    0x2a8  stm32f2xx_dma.o [1]
  .text              ro code  0x08013394    0xbe8  ManageExDev.o [1]
  .text              ro code  0x08013f7c    0x204  DriveUsart1.o [1]
  .text              ro code  0x08014180     0xa2  ManageWatchdog.o [1]
  .text              ro code  0x08014224    0x2a4  stm32f2xx_flash.o [1]
  .text              ro code  0x080144c8    0x474  hmacsha1.o [1]
  .text              ro code  0x0801493c    0x48c  main.o [1]
  .text              ro code  0x08014dc8     0x58  ManageDs18b20.o [1]
  .text              ro code  0x08014e20    0xd54  ManagePortControl.o [1]
  .text              ro code  0x08015b74    0x568  ManageBlindArea.o [1]
  .text              ro code  0x080160dc    0x600  DriverLis2dh.o [1]
  .text              ro code  0x080166dc    0x394  stm32f2xx_rcc.o [1]
  .text              ro code  0x08016a70    0xc54  ManageVoltSample.o [1]
  .text              ro code  0x080176c4    0x578  stm32f2xx_rtc.o [1]
  .text              ro code  0x08017c3c     0x84  stm32f2xx_systick.o [1]
  .text              ro code  0x08017cc0     0x4c  stm32f2xx_pwr.o [1]
  .text              ro code  0x08017d0c     0x38  stm32f2xx_iwdg.o [1]
  .text              ro code  0x08017d44     0xc8  stm32f2xx_exti.o [1]
  .text              ro code  0x08017e0c    0x12c  stm32f2xx_gpio.o [1]
  .text              ro code  0x08017f38     0x76  ABImemcpy.o [6]
  .text              ro code  0x08017fb0    0x68c  ManageBusPulse.o [1]
  .text              ro code  0x0801863c    0x1d4  DriveAdc.o [1]
  .text              ro code  0x08018810    0x28c  e2prom_93C86.o [1]
  .text              ro code  0x08018a9c     0x66  ABImemset.o [6]
  .text              ro code  0x08018b04    0x1a8  DriveUsart6.o [1]
  .text              ro code  0x08018cac    0x73c  xprintfsmall.o [3]
  .text              ro code  0x080193e8      0xe  ManageProtocol.o [1]
  .text              ro code  0x080193f8   0x2608  ManageCanBus.o [1]
  .text              ro code  0x0801ba00    0x41e  MileMeter.o [1]
  .text              ro code  0x0801be20    0x4a6  InterfaceIap.o [1]
  .text              ro code  0x0801c2c8    0x140  NewBusOut.o [1]
  .text              ro code  0x0801c408      0x8  atoi.o [3]
  .text              ro code  0x0801c410    0x49c  SpiFlash.o [1]
  .text              ro code  0x0801c8ac     0x44  strcpy.o [6]
  .text              ro code  0x0801c8f0     0x2c  strstr.o [3]
  .text              ro code  0x0801c91c     0x42  strcmp.o [6]
  .text              ro code  0x0801c960     0x9c  misc.o [1]
  .text              ro code  0x0801c9fc     0x32  ABImemset48.o [6]
  .text              ro code  0x0801ca30      0xc  stm32f2xx_crc.o [1]
  .text              ro code  0x0801ca3c    0x3b4  InterfaceInCom.o [1]
  .text              ro code  0x0801cdf0     0x10  stm32f2xx_wwdg.o [1]
  .text              ro code  0x0801ce00     0x24  stm32f2xx_dbgmcu.o [1]
  .text              ro code  0x0801ce24     0x54  DriveSysTick.o [1]
  .text              ro code  0x0801ce78    0x158  DriveUsart2.o [1]
  .text              ro code  0x0801cfd0    0x498  DriveCan2.o [1]
  .text              ro code  0x0801d468     0x54  stm32f2xx_syscfg.o [1]
  .text              ro code  0x0801d4bc     0x30  I32ToDbl.o [5]
  .text              ro code  0x0801d4ec    0x1a2  DblMul.o [5]
  .text              ro code  0x0801d690     0x58  DblToI32.o [5]
  .text              ro code  0x0801d6e8    0x1da  stm32f2xx_adc.o [1]
  .text              ro code  0x0801d8c2     0x20  xmbtowc.o [3]
  .text              ro code  0x0801d8e4     0x58  memchr.o [6]
  .text              ro code  0x0801d93c      0xa  xmbcurmax.o [3]
  .text              ro code  0x0801d948     0xbc  xxmemxmalloc.o [3]
  .text              ro code  0x0801da04     0x1a  xwctomb.o [3]
  .text              ro code  0x0801da20     0x88  xxmemxfree.o [3]
  .text              ro code  0x0801daa8     0x78  ABImemmove.o [6]
  .text              ro code  0x0801db20    0x4d8  stm32f2xx_can.o [1]
  .text              ro code  0x0801dff8    0xa20  encryption.o [4]
  .text              ro code  0x0801ea18    0xadc  MD5_NEW.o [1]
  .text              ro code  0x0801f4f4     0x2e  DblCmpGe.o [5]
  .text              ro code  0x0801f524     0xe8  DblAdd.o [5]
  .text              ro code  0x0801f60c    0x246  DblDiv.o [5]
  .text              ro code  0x0801f854     0x20  DblCmpEq.o [5]
  .text              ro code  0x0801f874      0x6  cos.o [5]
  .text              ro code  0x0801f87c    0x180  DblSub.o [5]
  .text              ro code  0x0801f9fc      0x6  sin.o [5]
  .text              ro code  0x0801fa04     0xf0  sqrt.o [5]
  .text              ro code  0x0801faf4    0x174  xstoul.o [3]
  .text              ro code  0x0801fc68     0x24  setlocale.o [3]
  .text              ro code  0x0801fc8c     0x5c  xencoding_sb.o [3]
  .text              ro code  0x0801fce8    0x1b4  xsyslock.o [3]
  .text              ro code  0x0801fe9c     0x28  xgetmemchunk.o [3]
  .text              ro code  0x0801fec4    0x1f0  xsin.o [5]
  .text              ro code  0x080200b4      0xc  iarEdom.o [6]
  .text              ro code  0x080200c0     0x14  isxxx.o [3]
  .text              ro code  0x080200d4     0x14  tolower.o [3]
  .text              ro code  0x080200e8      0xc  errno.o [3]
  .text              ro code  0x080200f4      0x2  xtls.o [3]
  .text              ro code  0x080200f6      0x8  xmtx2.o [3]
  .text              ro code  0x080200fe      0x8  xmtx.o [3]
  .text              ro code  0x08020108    0x170  xquad.o [5]
  .text              ro code  0x08020278     0x2e  DblCmpLe.o [5]
  .text              ro code  0x080202a6     0x14  xlocale_c.o [3]
  .text              ro code  0x080202ba      0xc  xlocale_c.o [3]
  .text              ro code  0x080202c6     0x80  xdint.o [5]
  .text              ro code  0x08020348    0x1a8  fmod.o [5]
  .rodata            const    0x080204f0    0x400  ManagePacketUpdate.o [1]
  .rodata            const    0x080208f0    0x39c  GprsNetwork.o [1]
  .text              ro code  0x08020c8c    0x178  ManageWorkStat.o [1]
  .text              ro code  0x08020e04    0x150  XShHandles.o [3]
  .text              ro code  0x08020f54    0x124  system_stm32f2xx.o [1]
  .rodata            const    0x08021078     0xf4  ManageDs18b20.o [1]
  .text              ro code  0x0802116c     0xd4  xfspos.o [3]
  .text              ro code  0x08021240     0xb4  fflush.o [3]
  .text              ro code  0x080212f4      0xc  xfgpos.o [3]
  .text              ro code  0x08021300     0x4c  lseek.o [7]
  .text              ro code  0x0802134c     0x10  write.o [7]
  .text              ro code  0x0802135c     0x1e  dwrite.o [7]
  .text              ro code  0x0802137a     0x20  iarwstd.o [7]
  .text              ro code  0x0802139a     0x22  iarwrite.o [7]
  .text              ro code  0x080213bc     0x6c  iarttio.o [7]
  .text              ro code  0x08021428      0x8  XShttio.o [3]
  .rodata            const    0x08021430     0xc0  GprsNetwork.o [1]
  .text              ro code  0x080214f0     0xb8  xfwprep.o [3]
  .text              ro code  0x080215a8     0x24  fseek.o [3]
  .text              ro code  0x080215cc     0xb2  stm32f2xx_it.o [1]
  .text              ro code  0x08021680     0x2c  stm32f2xx_spi.o [1]
  .text              ro code  0x080216ac     0xa0  packbits_init3.o [6]
  .rodata            const    0x0802174c     0x90  GprsNetwork.o [1]
  .text              ro code  0x080217dc     0x82  fclose.o [3]
  .text              ro code  0x08021860     0x80  xfofind.o [3]
  .text              ro code  0x080218e0     0x1a  close.o [7]
  .text              ro code  0x080218fa     0x16  remove.o [7]
  .rodata            const    0x08021910     0x68  AdapterParameter.o [1]
  .text              ro code  0x08021978     0x58  xcloseall.o [3]
  .rodata            const    0x080219d0     0x54  InterfaceIap.o [1]
  .text              ro code  0x08021a24     0x54  fputc.o [3]
  .rodata            const    0x08021a78     0x40  InterfaceIap.o [1]
  .rodata            const    0x08021ab8     0x40  main.o [1]
  .rodata            const    0x08021af8     0x3c  AdapterParameter.o [1]
  .rodata            const    0x08021b34     0x38  GprsNetwork.o [1]
  .rodata            const    0x08021b6c     0x34  GprsNetwork.o [1]
  .rodata            const    0x08021ba0     0x34  InterfaceIap.o [1]
  .rodata            const    0x08021bd4     0x34  ManageProtocol.o [1]
  .rodata            const    0x08021c08     0x34  ManageProtocol.o [1]
  .rodata            const    0x08021c3c     0x34  ManageProtocol.o [1]
  .rodata            const    0x08021c70     0x34  ManageProtocol.o [1]
  .rodata            const    0x08021ca4     0x34  ManageProtocol.o [1]
  .rodata            const    0x08021cd8     0x30  AdapterParameter.o [1]
  .rodata            const    0x08021d08     0x30  AdapterParameter.o [1]
  .rodata            const    0x08021d38     0x30  GprsNetwork.o [1]
  .rodata            const    0x08021d68     0x30  GprsNetwork.o [1]
  .text              ro code  0x08021d98     0x2c  data_init3.o [6]
  .rodata            const    0x08021dc4     0x28  DriveCan2.o [1]
  .rodata            const    0x08021dec     0x28  GprsNetwork.o [1]
  .rodata            const    0x08021e14     0x28  GprsNetwork.o [1]
  .rodata            const    0x08021e3c     0x24  AdapterParameter.o [1]
  .rodata            const    0x08021e60     0x24  GprsNetwork.o [1]
  .rodata            const    0x08021e84     0x24  GprsNetwork.o [1]
  .rodata            const    0x08021ea8     0x24  ManageExDev.o [1]
  .rodata            const    0x08021ecc     0x24  ManageExDev.o [1]
  .rodata            const    0x08021ef0     0x24  ManageExDev.o [1]
  .rodata            const    0x08021f14     0x24  ManageExDev.o [1]
  .rodata            const    0x08021f38     0x24  ManageExDev.o [1]
  .rodata            const    0x08021f5c     0x24  ManageExDev.o [1]
  .rodata            const    0x08021f80     0x24  ManageExDev.o [1]
  .iar.init_table    const    0x08021fa4     0x2c  - Linker created -
  .rodata            const    0x08021fd0     0x20  FunctionIo.o [1]
  .rodata            const    0x08021ff0     0x20  GprsNetwork.o [1]
  .rodata            const    0x08022010     0x20  GprsNetwork.o [1]
  .rodata            const    0x08022030     0x20  GprsNetwork.o [1]
  .rodata            const    0x08022050     0x20  GprsNetwork.o [1]
  .rodata            const    0x08022070     0x20  GprsNetwork.o [1]
  .rodata            const    0x08022090     0x20  InterfaceSystem.o [1]
  .rodata            const    0x080220b0     0x20  ModuleGps.o [1]
  .rodata            const    0x080220d0     0x1c  AdapterParameter.o [1]
  .rodata            const    0x080220ec     0x1c  AdapterParameter.o [1]
  .rodata            const    0x08022108     0x1c  AdapterParameter.o [1]
  .rodata            const    0x08022124     0x1c  GprsNetwork.o [1]
  .rodata            const    0x08022140     0x1c  GprsNetwork.o [1]
  .rodata            const    0x0802215c     0x1c  GprsNetwork.o [1]
  .rodata            const    0x08022178     0x1c  ManageProtocol.o [1]
  .rodata            const    0x08022194     0x1c  ManageRemoteUpdate.o [1]
  .rodata            const    0x080221b0     0x1c  ManageRemoteUpdate.o [1]
  .rodata            const    0x080221cc     0x1c  ManageRemoteUpdate.o [1]
  .rodata            const    0x080221e8     0x1c  ManageRemoteUpdate.o [1]
  .text              ro code  0x08022204     0x1c  startup_stm32f2xx.o [1]
  .rodata            const    0x08022220     0x18  GprsNetwork.o [1]
  .rodata            const    0x08022238     0x18  GprsNetwork.o [1]
  .rodata            const    0x08022250     0x18  ManageExDev.o [1]
  .rodata            const    0x08022268     0x18  ManageProtocol.o [1]
  .rodata            const    0x08022280     0x18  ManageRemoteUpdate.o [1]
  .text              ro code  0x08022298     0x16  cmain.o [6]
  .text              ro code  0x080222ae      0x4  low_level_init.o [3]
  .text              ro code  0x080222b2      0x4  exit.o [3]
  .text              ro code  0x080222b8     0x12  cexit.o [6]
  .text              ro code  0x080222cc     0x14  exit.o [7]
  .text              ro code  0x080222e0     0x16  xprout.o [3]
  .text              ro code  0x080222f8      0xc  putchar.o [3]
  .rodata            const    0x08022304     0x14  AdapterParameter.o [1]
  .rodata            const    0x08022318     0x14  AdapterParameter.o [1]
  .rodata            const    0x0802232c     0x14  AdapterParameter.o [1]
  .rodata            const    0x08022340     0x14  AdapterSms.o [1]
  .rodata            const    0x08022354     0x14  GprsNetwork.o [1]
  .rodata            const    0x08022368     0x14  GprsNetwork.o [1]
  .rodata            const    0x0802237c     0x14  GprsNetwork.o [1]
  .rodata            const    0x08022390     0x14  GprsNetwork.o [1]
  .rodata            const    0x080223a4     0x14  ManageKeyUnlock.o [1]
  .rodata            const    0x080223b8     0x10  AdapterParameter.o [1]
  .rodata            const    0x080223c8     0x10  AdapterSms.o [1]
  .rodata            const    0x080223d8     0x10  AdapterSms.o [1]
  .rodata            const    0x080223e8     0x10  EeyeLib.o [1]
  .rodata            const    0x080223f8     0x10  GprsNetwork.o [1]
  .rodata            const    0x08022408     0x10  GprsNetwork.o [1]
  .rodata            const    0x08022418     0x10  GprsNetwork.o [1]
  .rodata            const    0x08022428     0x10  GprsNetwork.o [1]
  .rodata            const    0x08022438     0x10  GprsNetwork.o [1]
  .rodata            const    0x08022448     0x10  GprsNetwork.o [1]
  .rodata            const    0x08022458     0x10  GprsNetwork.o [1]
  .rodata            const    0x08022468     0x10  GprsNetwork.o [1]
  .rodata            const    0x08022478     0x10  GprsNetwork.o [1]
  .rodata            const    0x08022488     0x10  GprsNetwork.o [1]
  .rodata            const    0x08022498     0x10  GprsNetwork.o [1]
  .rodata            const    0x080224a8     0x10  GprsNetwork.o [1]
  .rodata            const    0x080224b8     0x10  ManageCanBus.o [1]
  .rodata            const    0x080224c8     0x10  ManageProtocol.o [1]
  .rodata            const    0x080224d8     0x10  ManageProtocol.o [1]
  .rodata            const    0x080224e8     0x10  ManageProtocol.o [1]
  .rodata            const    0x080224f8     0x10  ManageRemoteUpdate.o [1]
  .rodata            const    0x08022508     0x10  ManageRemoteUpdate.o [1]
  .rodata            const    0x08022518     0x10  ManageRemoteUpdate.o [1]
  .rodata            const    0x08022528     0x10  ManageRemoteUpdate.o [1]
  .rodata            const    0x08022538     0x10  ManageRemoteUpdate.o [1]
  .rodata            const    0x08022548     0x10  ManageWorkStat.o [1]
  .rodata            const    0x08022558     0x10  ModuleGps.o [1]
  .rodata            const    0x08022568     0x10  rtc.o [1]
  .rodata            const    0x08022578      0xc  GprsNetwork.o [1]
  .rodata            const    0x08022584      0xc  GprsNetwork.o [1]
  .rodata            const    0x08022590      0xc  GprsNetwork.o [1]
  .rodata            const    0x0802259c      0xc  GprsNetwork.o [1]
  .rodata            const    0x080225a8      0xc  GprsNetwork.o [1]
  .rodata            const    0x080225b4      0xc  GprsNetwork.o [1]
  .rodata            const    0x080225c0      0xc  GprsNetwork.o [1]
  .rodata            const    0x080225cc      0xc  GprsNetwork.o [1]
  .rodata            const    0x080225d8      0xc  GprsNetwork.o [1]
  .rodata            const    0x080225e4      0xc  GprsNetwork.o [1]
  .rodata            const    0x080225f0      0xc  GprsNetwork.o [1]
  .rodata            const    0x080225fc      0xc  ManageExDev.o [1]
  .rodata            const    0x08022608      0xc  ManageProtocol.o [1]
  .rodata            const    0x08022614      0xc  ManageProtocol.o [1]
  .rodata            const    0x08022620      0xc  ManageProtocol.o [1]
  .rodata            const    0x0802262c      0xc  ManageProtocol.o [1]
  .rodata            const    0x08022638      0xc  ManageProtocol.o [1]
  .rodata            const    0x08022644      0xc  ManageRemoteUpdate.o [1]
  .rodata            const    0x08022650      0xc  ManageRemoteUpdate.o [1]
  .text              ro code  0x0802265c      0xc  cstartup_M.o [6]
  .rodata            const    0x08022668      0x8  AdapterParameter.o [1]
  .rodata            const    0x08022670      0x8  AdapterParameter.o [1]
  .rodata            const    0x08022678      0x8  AdapterSms.o [1]
  .rodata            const    0x08022680      0x8  AdapterSms.o [1]
  .rodata            const    0x08022688      0x8  AdapterSms.o [1]
  .rodata            const    0x08022690      0x8  GprsNetwork.o [1]
  .rodata            const    0x08022698      0x8  GprsNetwork.o [1]
  .rodata            const    0x080226a0      0x8  GprsNetwork.o [1]
  .rodata            const    0x080226a8      0x8  GprsNetwork.o [1]
  .rodata            const    0x080226b0      0x8  GprsNetwork.o [1]
  .rodata            const    0x080226b8      0x8  GprsNetwork.o [1]
  .rodata            const    0x080226c0      0x8  GprsNetwork.o [1]
  .rodata            const    0x080226c8      0x8  GprsNetwork.o [1]
  .rodata            const    0x080226d0      0x8  GprsNetwork.o [1]
  .rodata            const    0x080226d8      0x8  GprsNetwork.o [1]
  .rodata            const    0x080226e0      0x8  ManageExDev.o [1]
  .rodata            const    0x080226e8      0x8  ManageProtocol.o [1]
  .rodata            const    0x080226f0      0x8  ManageProtocol.o [1]
  .rodata            const    0x080226f8      0x8  ManageProtocol.o [1]
  .rodata            const    0x08022700      0x8  ManageProtocol.o [1]
  .rodata            const    0x08022708      0x8  ManageProtocol.o [1]
  .rodata            const    0x08022710      0x8  ManageProtocol.o [1]
  .rodata            const    0x08022718      0x8  ManageProtocol.o [1]
  .rodata            const    0x08022720      0x8  ModuleGps.o [1]
  .rodata            const    0x08022728      0x8  ModuleGps.o [1]
  .rodata            const    0x08022730      0x4  GprsNetwork.o [1]
  .rodata            const    0x08022734      0x4  GprsNetwork.o [1]
  .rodata            const    0x08022738      0x4  GprsNetwork.o [1]
  .rodata            const    0x0802273c      0x4  GprsNetwork.o [1]
  .rodata            const    0x08022740      0x4  GprsNetwork.o [1]
  .rodata            const    0x08022744      0x4  GprsNetwork.o [1]
  .rodata            const    0x08022748      0x4  InterfaceSystem.o [1]
  .rodata            const    0x0802274c      0x4  InterfaceSystem.o [1]
  .rodata            const    0x08022750      0x4  InterfaceSystem.o [1]
  .rodata            const    0x08022754      0x4  ManageCanBus.o [1]
  .rodata            const    0x08022758      0x4  ManageCanBus.o [1]
  .rodata            const    0x0802275c      0x4  ManageCanBus.o [1]
  .rodata            const    0x08022760      0x4  ManageDs18b20.o [1]
  .rodata            const    0x08022764      0x4  ManageKeyUnlock.o [1]
  .rodata            const    0x08022768      0x4  ManageKeyUnlock.o [1]
  .rodata            const    0x0802276c      0x4  ManageKeyUnlock.o [1]
  .rodata            const    0x08022770      0x4  ManagePortControl.o [1]
  .rodata            const    0x08022774      0x4  ManagePortControl.o [1]
  .rodata            const    0x08022778      0x4  ManagePortControl.o [1]
  .rodata            const    0x0802277c      0x4  ManagePortControl.o [1]
  .rodata            const    0x08022780      0x4  ManagePortControl.o [1]
  .rodata            const    0x08022784      0x4  ManageProtocol.o [1]
  .rodata            const    0x08022788      0x4  ManageVoltSample.o [1]
  .rodata            const    0x0802278c      0x4  ManageVoltSample.o [1]
  .rodata            const    0x08022790      0x4  ModuleGps.o [1]
  .rodata            const    0x08022794      0x4  ModuleGps.o [1]
  .rodata            const    0x08022798      0x4  main.o [1]
  .rodata            const    0x0802279c      0x4  main.o [1]
  .rodata            const    0x080227a0      0x4  main.o [1]
  .text              ro code  0x080227a4      0x4  startup_stm32f2xx.o [1]
  .text              ro code  0x080227a8      0x4  startup_stm32f2xx.o [1]
  .text              ro code  0x080227ac      0x4  startup_stm32f2xx.o [1]
  .text              ro code  0x080227b0      0x4  startup_stm32f2xx.o [1]
  .text              ro code  0x080227b4      0x4  startup_stm32f2xx.o [1]
  .text              ro code  0x080227b8      0x4  startup_stm32f2xx.o [1]
  .text              ro code  0x080227bc      0x4  startup_stm32f2xx.o [1]
  .text              ro code  0x080227c0      0x4  startup_stm32f2xx.o [1]
  .text              ro code  0x080227c4      0x4  startup_stm32f2xx.o [1]
  .text              ro code  0x080227c8      0x4  startup_stm32f2xx.o [1]
  .text              ro code  0x080227cc      0x4  startup_stm32f2xx.o [1]
  .text              ro code  0x080227d0      0x4  startup_stm32f2xx.o [1]
  .text              ro code  0x080227d4      0x4  startup_stm32f2xx.o [1]
  .text              ro code  0x080227d8      0x4  startup_stm32f2xx.o [1]
  .text              ro code  0x080227dc      0x4  startup_stm32f2xx.o [1]
  .text              ro code  0x080227e0      0x4  startup_stm32f2xx.o [1]
  .text              ro code  0x080227e4      0x4  startup_stm32f2xx.o [1]
  .text              ro code  0x080227e8      0x4  startup_stm32f2xx.o [1]
  .text              ro code  0x080227ec      0x4  startup_stm32f2xx.o [1]
  .text              ro code  0x080227f0      0x4  startup_stm32f2xx.o [1]
  .text              ro code  0x080227f4      0x4  startup_stm32f2xx.o [1]
  .text              ro code  0x080227f8      0x4  startup_stm32f2xx.o [1]
  .text              ro code  0x080227fc      0x4  startup_stm32f2xx.o [1]
  .text              ro code  0x08022800      0x4  startup_stm32f2xx.o [1]
  .text              ro code  0x08022804      0x4  startup_stm32f2xx.o [1]
  .text              ro code  0x08022808      0x4  startup_stm32f2xx.o [1]
  .text              ro code  0x0802280c      0x4  startup_stm32f2xx.o [1]
  .text              ro code  0x08022810      0x4  startup_stm32f2xx.o [1]
  .text              ro code  0x08022814      0x4  startup_stm32f2xx.o [1]
  .text              ro code  0x08022818      0x4  startup_stm32f2xx.o [1]
  .text              ro code  0x0802281c      0x4  startup_stm32f2xx.o [1]
  .text              ro code  0x08022820      0x4  startup_stm32f2xx.o [1]
  .text              ro code  0x08022824      0x4  startup_stm32f2xx.o [1]
  .text              ro code  0x08022828      0x4  startup_stm32f2xx.o [1]
  .text              ro code  0x0802282c      0x4  startup_stm32f2xx.o [1]
  .text              ro code  0x08022830      0x4  startup_stm32f2xx.o [1]
  .text              ro code  0x08022834      0x4  startup_stm32f2xx.o [1]
  .text              ro code  0x08022838      0x4  startup_stm32f2xx.o [1]
  .text              ro code  0x0802283c      0x4  startup_stm32f2xx.o [1]
  .text              ro code  0x08022840      0x4  startup_stm32f2xx.o [1]
  .text              ro code  0x08022844      0x4  startup_stm32f2xx.o [1]
  .text              ro code  0x08022848      0x4  startup_stm32f2xx.o [1]
  .text              ro code  0x0802284c      0x4  startup_stm32f2xx.o [1]
  .text              ro code  0x08022850      0x4  startup_stm32f2xx.o [1]
  .text              ro code  0x08022854      0x4  startup_stm32f2xx.o [1]
  .text              ro code  0x08022858      0x4  startup_stm32f2xx.o [1]
  .text              ro code  0x0802285c      0x4  startup_stm32f2xx.o [1]
  .text              ro code  0x08022860      0x4  startup_stm32f2xx.o [1]
  .text              ro code  0x08022864      0x4  startup_stm32f2xx.o [1]
  .text              ro code  0x08022868      0x4  startup_stm32f2xx.o [1]
  .text              ro code  0x0802286c      0x4  startup_stm32f2xx.o [1]
  .text              ro code  0x08022870      0x4  startup_stm32f2xx.o [1]
  .text              ro code  0x08022874      0x4  startup_stm32f2xx.o [1]
  .text              ro code  0x08022878      0x4  startup_stm32f2xx.o [1]
  .text              ro code  0x0802287c      0x4  startup_stm32f2xx.o [1]
  .text              ro code  0x08022880      0x4  startup_stm32f2xx.o [1]
  .text              ro code  0x08022884      0x4  startup_stm32f2xx.o [1]
  .text              ro code  0x08022888      0x4  startup_stm32f2xx.o [1]
  .text              ro code  0x0802288c      0x4  startup_stm32f2xx.o [1]
  .text              ro code  0x08022890      0x4  startup_stm32f2xx.o [1]
  .text              ro code  0x08022894      0x4  startup_stm32f2xx.o [1]
  .text              ro code  0x08022898      0x4  startup_stm32f2xx.o [1]
  .text              ro code  0x0802289c      0x4  startup_stm32f2xx.o [1]
  .text              ro code  0x080228a0      0x4  startup_stm32f2xx.o [1]
  .text              ro code  0x080228a4      0x4  startup_stm32f2xx.o [1]
  .text              ro code  0x080228a8      0x4  startup_stm32f2xx.o [1]
  .text              ro code  0x080228ac      0x4  startup_stm32f2xx.o [1]
  .text              ro code  0x080228b0      0x4  startup_stm32f2xx.o [1]
  .text              ro code  0x080228b4      0x4  startup_stm32f2xx.o [1]
  .text              ro code  0x080228b8      0x4  startup_stm32f2xx.o [1]
  .text              ro code  0x080228bc      0x4  startup_stm32f2xx.o [1]
  .text              ro code  0x080228c0      0x4  startup_stm32f2xx.o [1]
  .text              ro code  0x080228c4      0x4  startup_stm32f2xx.o [1]
  .text              ro code  0x080228c8      0x4  startup_stm32f2xx.o [1]
  .text              ro code  0x080228cc      0x4  startup_stm32f2xx.o [1]
  .text              ro code  0x080228d0      0x4  startup_stm32f2xx.o [1]
  .text              ro code  0x080228d4      0x4  startup_stm32f2xx.o [1]
  .text              ro code  0x080228d8      0x4  startup_stm32f2xx.o [1]
  .text              ro code  0x080228dc      0x4  startup_stm32f2xx.o [1]
  .text              ro code  0x080228e0      0x4  startup_stm32f2xx.o [1]
  .text              ro code  0x080228e4      0x4  startup_stm32f2xx.o [1]
  .text              ro code  0x080228e8      0x4  startup_stm32f2xx.o [1]
  .text              ro code  0x080228ec      0x4  startup_stm32f2xx.o [1]
  .text              ro code  0x080228f0      0x4  startup_stm32f2xx.o [1]
  .text              ro code  0x080228f4      0x4  startup_stm32f2xx.o [1]
  .text              ro code  0x080228f8      0x4  startup_stm32f2xx.o [1]
  .text              ro code  0x080228fc      0x4  startup_stm32f2xx.o [1]
  .text              ro code  0x08022900      0x4  startup_stm32f2xx.o [1]
  .text              ro code  0x08022904      0x4  startup_stm32f2xx.o [1]
  .text              ro code  0x08022908      0x4  startup_stm32f2xx.o [1]
  .text              ro code  0x0802290c      0x0  cstart_clearlocks.o [6]
  .text              ro code  0x0802290c      0x0  cstart_closeall.o [6]
  .rodata            const    0x0802290c      0x0  bwt_init3c.o [6]
  Initializer bytes  ro data  0x0802290c     0xa9  <for P2 s0>
                            - 0x080229b5  0x1e831

"P2", part 1 of 3:                          0x158
  P2 s0                       0x20000000    0x156  <Init block>
    .data            inited   0x20000000     0x40  MD5_NEW.o [1]
    .data            inited   0x20000040     0x40  xfiles.o [3]
    .data            inited   0x20000080     0x40  xfiles.o [3]
    .data            inited   0x200000c0     0x40  xfiles.o [3]
    .data            inited   0x20000100     0x20  xfiles.o [3]
    .data            inited   0x20000120     0x18  GprsNetwork.o [1]
    .data            inited   0x20000138     0x10  stm32f2xx_rcc.o [1]
    .data            inited   0x20000148      0x8  XShttio.o [3]
    .data            inited   0x20000150      0x1  ManageCanBus.o [1]
    .data            inited   0x20000151      0x1  ManageCanBus.o [1]
    .data            inited   0x20000152      0x1  ManageKeyUnlock.o [1]
    .data            inited   0x20000153      0x1  ModuleGps.o [1]
    .data            inited   0x20000154      0x1  hmacsha1.o [1]
    .data            inited   0x20000155      0x1  hmacsha1.o [1]
                            - 0x20000156    0x156

"P2", part 2 of 3:                         0xd368
  .bss               zero     0x20000158   0x5028  ManageRemoteUpdate.o [1]
  .bss               zero     0x20005180   0x1394  ManageCanBus.o [1]
  .bss               zero     0x20006514    0x880  GprsNetwork.o [1]
  .bss               zero     0x20006d94    0x810  ManagePacketUpdate.o [1]
  .bss               zero     0x200075a4    0x800  ManageCanBus.o [1]
  .bss               zero     0x20007da4    0x800  ManageCanBus.o [1]
  .bss               zero     0x200085a4    0x664  ManageProtocol.o [1]
  .bss               zero     0x20008c08    0x51c  ManageCanBus.o [1]
  .bss               zero     0x20009124    0x480  hmacsha1.o [1]
  .bss               zero     0x200095a4    0x450  ManageAlarm.o [1]
  .bss               zero     0x200099f4    0x414  InterfaceInCom.o [1]
  .bss               zero     0x20009e08    0x410  ManageExDev.o [1]
  .bss               zero     0x2000a218    0x400  ManageCanBus.o [1]
  .bss               zero     0x2000a618    0x334  ManageProtocol.o [1]
  .bss               zero     0x2000a94c    0x334  ManageProtocol.o [1]
  .bss               zero     0x2000ac80    0x334  ManageProtocol.o [1]
  .bss               zero     0x2000afb4    0x260  GprsNetwork.o [1]
  .bss               zero     0x2000b214    0x258  ManageBlindArea.o [1]
  .bss               zero     0x2000b46c    0x258  ManageCanBus.o [1]
  .bss               zero     0x2000b6c4    0x204  GprsNetwork.o [1]
  .bss               zero     0x2000b8c8    0x204  GprsNetwork.o [1]
  .bss               zero     0x2000bacc    0x200  ManageBlindArea.o [1]
  .bss               zero     0x2000bccc    0x190  ManageProtocol.o [1]
  .bss               zero     0x2000be5c    0x190  ManageProtocol.o [1]
  .bss               zero     0x2000bfec    0x138  GprsNetwork.o [1]
  .bss               zero     0x2000c124    0x10c  ManagePacketUpdate.o [1]
  .bss               zero     0x2000c230     0xfc  GprsNetwork.o [1]
  .bss               zero     0x2000c32c     0xfc  OS_TASK.o [1]
  .bss               zero     0x2000c428     0xe4  ManageRemoteUpdate.o [1]
  .bss               zero     0x2000c50c     0xe0  ManageVoltSample.o [1]
  .bss               zero     0x2000c5ec     0xd4  ManageVoltSample.o [1]
  .bss               zero     0x2000c6c0     0xc8  ManagePosTrack.o [1]
  .bss               zero     0x2000c788     0x98  GprsNetwork.o [1]
  .bss               zero     0x2000c820     0x88  ModuleGps.o [1]
  .bss               zero     0x2000c8a8     0x84  GprsNetwork.o [1]
  .bss               zero     0x2000c92c     0x80  hmacsha1.o [1]
  .bss               zero     0x2000c9ac     0x80  XShHandles.o [3]
  __DLIB_PERTHREAD   zero     0x2000ca2c     0x74  setlocale.o [3]
  .bss               zero     0x2000caa0     0x70  ManageBusPulse.o [1]
  .bss               zero     0x2000cb10     0x70  ModuleGps.o [1]
  .bss               zero     0x2000cb80     0x68  ManageCanBus.o [1]
  .bss               zero     0x2000cbe8     0x64  ManageLockCar.o [1]
  .bss               zero     0x2000cc4c     0x60  ManageCanBus.o [1]
  .bss               zero     0x2000ccac     0x58  MD5_NEW.o [1]
  .bss               zero     0x2000cd04     0x54  ManagePortControl.o [1]
  .bss               zero     0x2000cd58     0x50  xfiles.o [3]
  .bss               zero     0x2000cda8     0x50  xfiles.o [3]
  .bss               zero     0x2000cdf8     0x48  ManageAlarm.o [1]
  .bss               zero     0x2000ce40     0x44  GprsNetwork.o [1]
  .bss               zero     0x2000ce84     0x40  MD5_NEW.o [1]
  .bss               zero     0x2000cec4     0x40  hmacsha1.o [1]
  .bss               zero     0x2000cf04     0x40  hmacsha1.o [1]
  .bss               zero     0x2000cf44     0x40  hmacsha1.o [1]
  .bss               zero     0x2000cf84     0x3c  ManageWorkStat.o [1]
  .bss               zero     0x2000cfc0     0x38  xsyslock.o [3]
  .bss               zero     0x2000cff8     0x34  AdapterSms.o [1]
  .bss               zero     0x2000d02c     0x34  AdapterSms.o [1]
  .bss               zero     0x2000d060     0x34  GprsNetwork.o [1]
  .bss               zero     0x2000d094     0x34  ManageRemoteUpdate.o [1]
  .bss               zero     0x2000d0c8     0x34  ManageRemoteUpdate.o [1]
  .bss               zero     0x2000d0fc     0x2c  ManageCanBus.o [1]
  .bss               zero     0x2000d128     0x28  GprsNetwork.o [1]
  .bss               zero     0x2000d150     0x28  ManagePosTrack.o [1]
  .bss               zero     0x2000d178     0x28  ManagePosTrack.o [1]
  .bss               zero     0x2000d1a0     0x20  InterfaceSystem.o [1]
  .bss               zero     0x2000d1c0     0x20  ManageProtocol.o [1]
  .bss               zero     0x2000d1e0     0x20  OS_EVENT.o [1]
  .bss               zero     0x2000d200     0x1c  InterfaceIap.o [1]
  .bss               zero     0x2000d21c     0x18  InterfaceSystem.o [1]
  .bss               zero     0x2000d234     0x18  InterfaceSystem.o [1]
  .bss               zero     0x2000d24c     0x18  ManageKeyUnlock.o [1]
  .bss               zero     0x2000d264     0x18  ManageKeyUnlock.o [1]
  .bss               zero     0x2000d27c     0x18  ManageKeyUnlock.o [1]
  .bss               zero     0x2000d294     0x18  ManageTime.o [1]
  .bss               zero     0x2000d2ac     0x14  ManagePacketUpdate.o [1]
  .bss               zero     0x2000d2c0     0x14  ManageProtocol.o [1]
  .bss               zero     0x2000d2d4     0x10  ManageBlindArea.o [1]
  .bss               zero     0x2000d2e4     0x10  ManageCanBus.o [1]
  .bss               zero     0x2000d2f4     0x10  ManageKeyUnlock.o [1]
  .bss               zero     0x2000d304     0x10  ManageProtocol.o [1]
  .bss               zero     0x2000d314     0x10  ManageProtocol.o [1]
  .bss               zero     0x2000d324      0xc  GprsNetwork.o [1]
  .bss               zero     0x2000d330     0x10  MileMeter.o [1]
  .bss               zero     0x2000d340     0x10  ModuleGps.o [1]
  .bss               zero     0x2000d350     0x10  ModuleGps.o [1]
  .bss               zero     0x2000d360      0xc  InterfaceSystem.o [1]
  .bss               zero     0x2000d36c      0xc  InterfaceSystem.o [1]
  .bss               zero     0x2000d378      0xc  ManageCanBus.o [1]
  .bss               zero     0x2000d384      0xc  ManagePacketUpdate.o [1]
  .bss               zero     0x2000d390      0xc  ManagePacketUpdate.o [1]
  .bss               zero     0x2000d39c      0xc  ManageProtocol.o [1]
  .bss               zero     0x2000d3a8      0xc  ManageProtocol.o [1]
  .bss               zero     0x2000d3b4      0xc  MileMeter.o [1]
  .bss               zero     0x2000d3c0      0xc  ModuleGps.o [1]
  .bss               zero     0x2000d3cc      0x8  InterfaceIap.o [1]
  .bss               zero     0x2000d3d4      0x8  ManageExDev.o [1]
  .bss               zero     0x2000d3dc      0x8  ManageProtocol.o [1]
  .bss               zero     0x2000d3e4      0x8  ManageWatchdog.o [1]
  .bss               zero     0x2000d3ec      0x8  ManageWorkStat.o [1]
  .bss               zero     0x2000d3f4      0x4  GprsNetwork.o [1]
  .bss               zero     0x2000d3f8      0x8  MileMeter.o [1]
  .bss               zero     0x2000d400      0x8  ModuleGps.o [1]
  .bss               zero     0x2000d408      0x8  OS_TASK.o [1]
  .bss               zero     0x2000d410      0x8  xxmemxmalloc.o [3]
  .bss               zero     0x2000d418      0x4  InterfaceSystem.o [1]
  .bss               zero     0x2000d41c      0x4  ManageCanBus.o [1]
  .bss               zero     0x2000d420      0x4  ManageCanBus.o [1]
  .bss               zero     0x2000d424      0x4  ManageCanBus.o [1]
  .bss               zero     0x2000d428      0x4  ManageCanBus.o [1]
  .bss               zero     0x2000d42c      0x4  ManageCanBus.o [1]
  .bss               zero     0x2000d430      0x4  ManageCanBus.o [1]
  .bss               zero     0x2000d434      0x4  ManageCanBus.o [1]
  .bss               zero     0x2000d438      0x4  ManageCanBus.o [1]
  .bss               zero     0x2000d43c      0x4  ManageCanBus.o [1]
  .bss               zero     0x2000d440      0x4  ManageCanBus.o [1]
  .bss               zero     0x2000d444      0x4  ManageCanBus.o [1]
  .bss               zero     0x2000d448      0x4  ManageCanBus.o [1]
  .bss               zero     0x2000d44c      0x4  ManageCanBus.o [1]
  .bss               zero     0x2000d450      0x4  ManageCanBus.o [1]
  .bss               zero     0x2000d454      0x4  ManageCanBus.o [1]
  .bss               zero     0x2000d458      0x4  ManageCanBus.o [1]
  .bss               zero     0x2000d45c      0x4  ManageDs18b20.o [1]
  .bss               zero     0x2000d460      0x4  ManageProtocol.o [1]
  .bss               zero     0x2000d464      0x4  ManageProtocol.o [1]
  .bss               zero     0x2000d468      0x4  ManageProtocol.o [1]
  .bss               zero     0x2000d46c      0x4  main.o [1]
  .bss               zero     0x2000d470      0x4  rtc.o [1]
  .bss               zero     0x2000d474      0x4  rtc.o [1]
  .bss               zero     0x2000d478      0x4  xgetmemchunk.o [3]
  __DLIB_PERTHREAD   zero     0x2000d47c      0x4  errno.o [3]
  .bss               zero     0x2000d480      0x2  GprsNetwork.o [1]
  .bss               zero     0x2000d482      0x2  InterfaceSystem.o [1]
  .bss               zero     0x2000d484      0x2  InterfaceSystem.o [1]
  .bss               zero     0x2000d486      0x2  ManageCanBus.o [1]
  .bss               zero     0x2000d488      0x2  ManageCanBus.o [1]
  .bss               zero     0x2000d48a      0x2  ManageCanBus.o [1]
  .bss               zero     0x2000d48c      0x2  ManageCanBus.o [1]
  .bss               zero     0x2000d48e      0x2  ManageCanBus.o [1]
  .bss               zero     0x2000d490      0x2  OS_TASK.o [1]
  .bss               zero     0x2000d492      0x2  main.o [1]
  .bss               zero     0x2000d494      0x1  DriveAdc.o [1]
  .bss               zero     0x2000d495      0x1  DriveAdc.o [1]
  .bss               zero     0x2000d496      0x1  DriverLis2dh.o [1]
  .bss               zero     0x2000d497      0x1  DriverLis2dh.o [1]
  .bss               zero     0x2000d498      0x1  DriverLis2dh.o [1]
  .bss               zero     0x2000d499      0x1  DriverLis2dh.o [1]
  .bss               zero     0x2000d49a      0x1  DriverLis2dh.o [1]
  .bss               zero     0x2000d49b      0x1  GprsNetwork.o [1]
  .bss               zero     0x2000d49c      0x1  GprsNetwork.o [1]
  .bss               zero     0x2000d49d      0x1  GprsNetwork.o [1]
  .bss               zero     0x2000d49e      0x1  GprsNetwork.o [1]
  .bss               zero     0x2000d49f      0x1  GprsNetwork.o [1]
  .bss               zero     0x2000d4a0      0x1  GprsNetwork.o [1]
  .bss               zero     0x2000d4a1      0x1  InterfaceSystem.o [1]
  .bss               zero     0x2000d4a2      0x1  InterfaceSystem.o [1]
  .bss               zero     0x2000d4a3      0x1  ManageBusPulse.o [1]
  .bss               zero     0x2000d4a4      0x1  ManageBusPulse.o [1]
  .bss               zero     0x2000d4a5      0x1  ManageBusPulse.o [1]
  .bss               zero     0x2000d4a6      0x1  ManageBusPulse.o [1]
  .bss               zero     0x2000d4a7      0x1  ManageCanBus.o [1]
  .bss               zero     0x2000d4a8      0x1  ManageCanBus.o [1]
  .bss               zero     0x2000d4a9      0x1  ManageCanBus.o [1]
  .bss               zero     0x2000d4aa      0x1  ManageCanBus.o [1]
  .bss               zero     0x2000d4ab      0x1  ManageCanBus.o [1]
  .bss               zero     0x2000d4ac      0x1  ManageCanBus.o [1]
  .bss               zero     0x2000d4ad      0x1  ManageFlashProgram.o [1]
  .bss               zero     0x2000d4ae      0x1  ManageFlashProgram.o [1]
  .bss               zero     0x2000d4af      0x1  ManageKeyUnlock.o [1]
  .bss               zero     0x2000d4b0      0x1  ManageKeyUnlock.o [1]
  .bss               zero     0x2000d4b1      0x1  ManageProtocol.o [1]
  .bss               zero     0x2000d4b2      0x1  ManageTime.o [1]
  .bss               zero     0x2000d4b3      0x1  ManageVoltSample.o [1]
  .bss               zero     0x2000d4b4      0x1  ManageVoltSample.o [1]
  .bss               zero     0x2000d4b5      0x1  ModuleGps.o [1]
  .bss               zero     0x2000d4b6      0x1  ModuleGps.o [1]
  .bss               zero     0x2000d4b7      0x1  NewBusOut.o [1]
  .bss               zero     0x2000d4b8      0x1  main.o [1]
                            - 0x2000d4b9   0xd361

"P2", part 3 of 3:                          0x600
  CSTACK                      0x2000d4c0    0x400  <Block>
    CSTACK           uninit   0x2000d4c0    0x400  <Block tail>
  HEAP                        0x2000d8c0    0x200  <Block>
    HEAP             uninit   0x2000d8c0    0x200  <Block tail>
                            - 0x2000dac0    0x600


*******************************************************************************
*** INIT TABLE
***

          Address     Size
          -------     ----
Zero (__iar_zero_init3)
    1 destination range, total size 0xd361:
          0x20000158  0xd361

Copy/packbits (__iar_packbits_init3)
    1 source range, total size 0xa9 (49% of destination):
          0x0802290c    0xa9
    1 destination range, total size 0x156:
          0x20000000   0x156



*******************************************************************************
*** MODULE SUMMARY
***

    Module                ro code  ro data  rw data
    ------                -------  -------  -------
F:\ÐìÏþ½¡\EGS502T2-ZL(AP-UDS)\iar\Debug\Obj: [1]
    AdapterParameter.o        980      472
    AdapterSms.o            2 228       76      104
    DriveAdc.o                468                 2
    DriveCan2.o             1 176       40
    DriveCrc.o                140
    DriveSysTick.o             84
    DriveUsart1.o             516
    DriveUsart2.o             344
    DriveUsart6.o             424
    DriverLis2dh.o          1 536                 5
    EeyeLib.o                 878       16
    FunctionIo.o              392       32
    GprsNetwork.o          21 868    2 428    4 872
    InterfaceIap.o          1 190      200       36
    InterfaceInCom.o          948             1 044
    InterfaceSystem.o       4 156       44      114
    MD5_NEW.o               2 780       31      216
    ManageAlarm.o             592             1 176
    ManageBlindArea.o       1 384             1 128
    ManageBusPulse.o        1 676               116
    ManageCanBus.o          9 736       29   12 394
    ManageDs18b20.o            88      248        4
    ManageExDev.o           3 048      296    1 048
    ManageFlashProgram.o    2 056                 2
    ManageKeyUnlock.o       1 860       32       91
    ManageLockCar.o         1 940               100
    ManagePacketUpdate.o    1 456    1 024    2 376
    ManagePortControl.o     3 412       20       84
    ManagePosTrack.o        2 568               280
    ManageProtocol.o       10 742      480    5 025
    ManageRemoteUpdate.o    2 208      240   20 852
    ManageTime.o              440                25
    ManageVoltSample.o      3 156        8      438
    ManageWatchdog.o          162                 8
    ManageWorkStat.o          376       16       68
    MileMeter.o             1 054                36
    ModuleGps.o             4 274       73      303
    NewBusOut.o               320                 1
    OS_EVENT.o                160                32
    OS_TASK.o                 546               262
    SpiFlash.o              1 180
    e2prom_93C86.o            652
    hmacsha1.o              1 140        1    1 474
    main.o                  1 172       76        7
    misc.o                    156
    myPrintf.o                  6
    rtc.o                     956       16        8
    startup_stm32f2xx.o       776
    stm32f2xx_adc.o           474
    stm32f2xx_can.o         1 240
    stm32f2xx_crc.o            12
    stm32f2xx_dbgmcu.o         36
    stm32f2xx_dma.o           680
    stm32f2xx_exti.o          200
    stm32f2xx_flash.o         676
    stm32f2xx_gpio.o          300
    stm32f2xx_it.o            178
    stm32f2xx_iwdg.o           56
    stm32f2xx_pwr.o            76
    stm32f2xx_rcc.o           916        8       16
    stm32f2xx_rtc.o         1 400
    stm32f2xx_spi.o            44
    stm32f2xx_syscfg.o         84
    stm32f2xx_systick.o       132
    stm32f2xx_usart.o         474
    stm32f2xx_wwdg.o           16
    system_stm32f2xx.o        292
    -----------------------------------------------
    Total:                106 686    5 906   53 747

command line: [2]
    -----------------------------------------------
    Total:

dl7M_tlf.a: [3]
    XShHandles.o              336               128
    XShttio.o                   8        4        8
    abs.o                       8
    atoi.o                      8
    errno.o                    12                 4
    exit.o                      4
    fclose.o                  130
    fflush.o                  180
    fputc.o                    84
    fseek.o                    36
    isxxx.o                    20
    low_level_init.o            4
    printf.o                   36
    putchar.o                  12
    setlocale.o                36               116
    sprintf.o                  52
    strncmp.o                  42
    strstr.o                   44
    tolower.o                  20
    xcloseall.o                88
    xencoding_sb.o             92
    xfgpos.o                   12
    xfiles.o                           111      384
    xfofind.o                 128
    xfspos.o                  212
    xfwprep.o                 184
    xgetmemchunk.o             40                 4
    xlocale_c.o                32
    xmbcurmax.o                10
    xmbtowc.o                  32
    xmtx.o                      8
    xmtx2.o                     8
    xprintfsmall.o          1 852
    xprout.o                   22
    xsprout.o                  10
    xstoul.o                  372
    xsyslock.o                436                56
    xtls.o                      2
    xwctomb.o                  26
    xxmemxfree.o              136
    xxmemxmalloc.o            188                 8
    -----------------------------------------------
    Total:                  4 962      115      708

encryption.a: [4]
    encryption.o            2 592
    -----------------------------------------------
    Total:                  2 592

m7M_tl.a: [5]
    DblAdd.o                  232
    DblCmpEq.o                 32
    DblCmpGe.o                 46
    DblCmpLe.o                 46
    DblDiv.o                  582
    DblMul.o                  418
    DblSub.o                  384
    DblToI32.o                 88
    I32ToDbl.o                 48
    cos.o                       6
    fmod.o                    424
    sin.o                       6
    sqrt.o                    240
    xdint.o                   128
    xquad.o                   368
    xsin.o                    496
    -----------------------------------------------
    Total:                  3 544

rt7M_tl.a: [6]
    ABImemclr4.o                6
    ABImemcpy.o               118
    ABImemmove.o              120
    ABImemset.o               102
    ABImemset48.o              50
    bwt_init3c.o
    cexit.o                    18
    cmain.o                    22
    cstart_clearlocks.o
    cstart_closeall.o
    cstartup_M.o               12
    data_init3.o               44
    iarEdom.o                  12
    memchr.o                   88
    memcmp.o                   98
    packbits_init3.o          160
    strchr.o                   22
    strcmp.o                   66
    strcpy.o                   68
    strlen.o                   54
    zero_init3.o               34
    -----------------------------------------------
    Total:                  1 094

shb_l.a: [7]
    close.o                    26
    dwrite.o                   30
    exit.o                     20
    iarttio.o                 108
    iarwrite.o                 34
    iarwstd.o                  32
    lseek.o                    76
    remove.o                   22
    write.o                    16
    -----------------------------------------------
    Total:                    364

    Gaps                       58
    Linker created                      44    1 536
---------------------------------------------------
    Grand Total:          119 300    6 065   55 991


*******************************************************************************
*** ENTRY LIST
***

Entry                      Address    Size  Type      Object
-----                      -------    ----  ----      ------
?main                   0x08022299          Code  Gb  cmain.o [6]
ADC_ClearFlag           0x0801d877     0x8  Code  Gb  stm32f2xx_adc.o [1]
ADC_ClearITPendingBit   0x0801d8b3    0x10  Code  Gb  stm32f2xx_adc.o [1]
ADC_Cmd                 0x0801d757    0x1a  Code  Gb  stm32f2xx_adc.o [1]
ADC_CommonInit          0x0801d735    0x22  Code  Gb  stm32f2xx_adc.o [1]
ADC_GetConversionValue  0x0801d83f     0x6  Code  Gb  stm32f2xx_adc.o [1]
ADC_GetITStatus         0x0801d87f    0x34  Code  Gb  stm32f2xx_adc.o [1]
ADC_IRQHandler          0x08018733    0xa2  Code  Gb  DriveAdc.o [1]
ADC_ITConfig            0x0801d855    0x22  Code  Gb  stm32f2xx_adc.o [1]
ADC_Init                0x0801d6e9    0x4c  Code  Gb  stm32f2xx_adc.o [1]
ADC_RegularChannelConfig
                        0x0801d771    0xc4  Code  Gb  stm32f2xx_adc.o [1]
ADC_SoftwareStartConv   0x0801d835     0xa  Code  Gb  stm32f2xx_adc.o [1]
APBAHBPrescTable        0x20000138    0x10  Data  Lc  stm32f2xx_rcc.o [1]
ASC                     0x080223e8    0x10  Data  Gb  EeyeLib.o [1]
ATQCFG                  0x0802215c    0x1c  Data  Gb  GprsNetwork.o [1]
ATQURCCFG               0x08022050    0x20  Data  Gb  GprsNetwork.o [1]
AbsoluteAddr            0x2000d434     0x4  Data  Gb  ManageCanBus.o [1]
AdapterSms_SetActiveSendSmsFlag
                        0x08012265     0x8  Code  Gb  AdapterSms.o [1]
AdapterSms_getBackupTelNumber
                        0x0801226d     0xc  Code  Gb  AdapterSms.o [1]
AdapterSms_getRecBackupTelNumber
                        0x0801228b     0xe  Code  Gb  AdapterSms.o [1]
AdapterSms_setBackupTelNumber
                        0x08012279    0x12  Code  Gb  AdapterSms.o [1]
AdapterSms_setRecBackupTelNumber
                        0x08012299    0x12  Code  Gb  AdapterSms.o [1]
Alarm_GetAlarmCount     0x0800b2cf     0x6  Code  Gb  ManageAlarm.o [1]
Alarm_addMsg            0x0800b259    0x76  Code  Gb  ManageAlarm.o [1]
AnalyExDevCmd           0x080136b7   0x4d2  Code  Gb  ManageExDev.o [1]
AnalyGpsMsg             0x0800bc39   0x400  Code  Gb  ModuleGps.o [1]
AnalyIapCmd             0x08013b89   0x10a  Code  Gb  ManageExDev.o [1]
AnalySatellitesNum      0x0800c055    0xcc  Code  Gb  ModuleGps.o [1]
AngleDet_msDelay        0x080160f9    0x26  Code  Lc  DriverLis2dh.o [1]
AngleDet_usDelay        0x080160dd    0x1c  Code  Lc  DriverLis2dh.o [1]
BCD2Byte                0x0801b185    0x64  Code  Gb  ManageCanBus.o [1]
BackupApn               0x080226a0     0x8  Data  Gb  GprsNetwork.o [1]
BackupIpPort            0x080226a8     0x8  Data  Gb  GprsNetwork.o [1]
BackupNamePwd           0x080225cc     0xc  Data  Gb  GprsNetwork.o [1]
BakupParameter          0x08022108    0x1c  Data  Gb  AdapterParameter.o [1]
BasicParamter           0x08022668     0x8  Data  Gb  AdapterParameter.o [1]
BaudrateTransform       0x0801a185    0x36  Code  Gb  ManageCanBus.o [1]
BlindParamter           0x0802232c    0x14  Data  Gb  AdapterParameter.o [1]
BusFault_Handler        0x080227b1          Code  Wk  startup_stm32f2xx.o [1]
BusPowerOff             0x0800a6c5    0x20  Code  Gb  InterfaceSystem.o [1]
BusPowerOn              0x0800a6a5    0x20  Code  Gb  InterfaceSystem.o [1]
BusPulseParamter        0x080220ec    0x1c  Data  Gb  AdapterParameter.o [1]
BusPulse_CleanBusFail   0x08018521    0x1a  Code  Gb  ManageBusPulse.o [1]
BusPulse_ClearnCanFail  0x080183f3    0x34  Code  Gb  ManageBusPulse.o [1]
BusPulse_GeBusCanFailFlag
                        0x0801854b     0x8  Code  Gb  ManageBusPulse.o [1]
BusPulse_GetBusFail     0x08018491    0x28  Code  Gb  ManageBusPulse.o [1]
BusPulse_GetBusFailFlag
                        0x080185ed     0x8  Code  Gb  ManageBusPulse.o [1]
BusPulse_OnCheckFunction
                        0x0801856d    0x80  Code  Gb  ManageBusPulse.o [1]
BusPulse_ReadBusTimeOut
                        0x08018427    0x6a  Code  Gb  ManageBusPulse.o [1]
BusPulse_SetBusFail     0x080184b9    0x68  Code  Gb  ManageBusPulse.o [1]
BusPulse_UpdataBusFailTime
                        0x0801853b    0x10  Code  Gb  ManageBusPulse.o [1]
BusPulse_UpdateEnterSleepModleTime
                        0x08018553    0x1a  Code  Gb  ManageBusPulse.o [1]
BusPulse_awakenTask     0x08018377    0x1c  Code  Gb  ManageBusPulse.o [1]
BusPulse_getCycleOutInfo
                        0x08018363     0xe  Code  Gb  ManageBusPulse.o [1]
BusPulse_getPulseInfo   0x08018371     0x6  Code  Gb  ManageBusPulse.o [1]
BusPulse_refreshVar     0x08018393    0x60  Code  Gb  ManageBusPulse.o [1]
BusPulse_setVar         0x0801823d   0x126  Code  Gb  ManageBusPulse.o [1]
CAN1_RX0_IRQHandler     0x08022819          Code  Wk  startup_stm32f2xx.o [1]
CAN1_RX1_IRQHandler     0x0802281d          Code  Wk  startup_stm32f2xx.o [1]
CAN1_SCE_IRQHandler     0x08022821          Code  Wk  startup_stm32f2xx.o [1]
CAN1_TX_IRQHandler      0x08022815          Code  Wk  startup_stm32f2xx.o [1]
CAN2_RX0_IRQHandler     0x0801d3ef    0x36  Code  Gb  DriveCan2.o [1]
CAN2_RX1_IRQHandler     0x0801d425    0x1a  Code  Gb  DriveCan2.o [1]
CAN2_SCE_IRQHandler     0x0801d43f     0xe  Code  Gb  DriveCan2.o [1]
CAN2_TX_IRQHandler      0x0801d3d5    0x1a  Code  Gb  DriveCan2.o [1]
CAN_FilterInit          0x0801dc31   0x112  Code  Gb  stm32f2xx_can.o [1]
CAN_ITConfig            0x0801dfc7    0x18  Code  Gb  stm32f2xx_can.o [1]
CAN_Init                0x0801db21   0x110  Code  Gb  stm32f2xx_can.o [1]
CAN_MessagePending      0x0801df77    0x26  Code  Gb  stm32f2xx_can.o [1]
CAN_Receive             0x0801de8f    0xe8  Code  Gb  stm32f2xx_can.o [1]
CAN_StructInit          0x0801dd43    0x2e  Code  Gb  stm32f2xx_can.o [1]
CAN_Transmit            0x0801dd71   0x11e  Code  Gb  stm32f2xx_can.o [1]
CAN_WakeUp              0x0801df9d    0x2a  Code  Gb  stm32f2xx_can.o [1]
CRC32_calculate         0x08013073    0x2e  Code  Gb  DriveCrc.o [1]
CRC_ResetDR             0x0801ca31     0x8  Code  Gb  stm32f2xx_crc.o [1]
CRYP_IRQHandler         0x08022905          Code  Wk  startup_stm32f2xx.o [1]
CSTACK$$Base            0x2000d4c0           --   Gb  - Linker created -
CSTACK$$Limit           0x2000d8c0           --   Gb  - Linker created -
CalCheckSum             0x080117e5    0x2a  Code  Gb  EeyeLib.o [1]
CalMod256Sum            0x080118d1    0x18  Code  Gb  EeyeLib.o [1]
Can120R_output          0x0802275c     0x4  Data  Gb  ManageCanBus.o [1]
Can2_OpenInterrupt      0x0801d06d    0x10  Code  Gb  DriveCan2.o [1]
CanAnd485BeatOut        0x2000d4b7     0x1  Data  Gb  NewBusOut.o [1]
CanBaudRateTab          0x08021dc4    0x28  Data  Lc  DriveCan2.o [1]
CanBus_ISR_Rx           0x0801a1ed   0x2aa  Code  Gb  ManageCanBus.o [1]
CanBus_send2Bus         0x08019c25    0x82  Code  Gb  ManageCanBus.o [1]
CanParamter             0x08022304    0x14  Data  Gb  AdapterParameter.o [1]
CanSleepControl         0x08022758     0x4  Data  Gb  ManageCanBus.o [1]
Can_GetCanBaudrateFlag  0x0801a549     0x8  Code  Gb  ManageCanBus.o [1]
Can_Read120R            0x0801a4fd    0x46  Code  Gb  ManageCanBus.o [1]
Can_Set120R             0x0801a497    0x66  Code  Gb  ManageCanBus.o [1]
Can_getBaudrate         0x0801a089    0x5e  Code  Gb  ManageCanBus.o [1]
Can_getSoftFilterMax    0x0801a17d     0x8  Code  Gb  ManageCanBus.o [1]
Can_getSoftFilterMin    0x0801a175     0x8  Code  Gb  ManageCanBus.o [1]
Can_setBaudrate         0x08019f8d    0xe4  Code  Gb  ManageCanBus.o [1]
Can_setSoftFilterMax    0x0801a135    0x40  Code  Gb  ManageCanBus.o [1]
Can_setSoftFilterMin    0x0801a0f1    0x3c  Code  Gb  ManageCanBus.o [1]
CarParameter            0x08021e3c    0x24  Data  Gb  AdapterParameter.o [1]
CheckAPN                0x08007403    0x34  Code  Gb  GprsNetwork.o [1]
CheckAlarmTel           0x08012181    0xe4  Code  Gb  AdapterSms.o [1]
CheckEndAddr            0x2000d444     0x4  Data  Gb  ManageCanBus.o [1]
CheckLacCid             0x08007e61    0x4a  Code  Gb  GprsNetwork.o [1]
CheckModule             0x08022070    0x20  Data  Gb  GprsNetwork.o [1]
CheckNamePassword       0x08007437    0x4a  Code  Gb  GprsNetwork.o [1]
ClearReceBuffer         0x08007481    0x3c  Code  Gb  GprsNetwork.o [1]
Code2RamCopy            0x080116c1    0x38  Code  Gb  EeyeLib.o [1]
ConverseGmtime          0x08012e35    0x6e  Code  Gb  rtc.o [1]
ConverseGmtime2         0x08012ea3    0x74  Code  Gb  rtc.o [1]
ConverseGmtime3         0x08012f65    0x74  Code  Gb  rtc.o [1]
ConvertAsc2Hex          0x08011739    0x92  Code  Gb  EeyeLib.o [1]
ConvertDec2Hex          0x080117cb    0x1a  Code  Gb  EeyeLib.o [1]
ConvertHex2Asc          0x080116f9    0x3a  Code  Gb  EeyeLib.o [1]
Crc16_check             0x2000d48c     0x2  Data  Gb  ManageCanBus.o [1]
CreatServerAck          0x0800f181    0xee  Code  Gb  ManageProtocol.o [1]
CreateTask              0x08014a15    0xcc  Code  Gb  main.o [1]
DBGMCU_APB1PeriphConfig
                        0x0801ce01    0x20  Code  Gb  stm32f2xx_dbgmcu.o [1]
DCMI_IRQHandler         0x08022901          Code  Wk  startup_stm32f2xx.o [1]
DMA1_Stream0_IRQHandler
                        0x080227f5          Code  Wk  startup_stm32f2xx.o [1]
DMA1_Stream1_IRQHandler
                        0x080227f9          Code  Wk  startup_stm32f2xx.o [1]
DMA1_Stream2_IRQHandler
                        0x080227fd          Code  Wk  startup_stm32f2xx.o [1]
DMA1_Stream3_IRQHandler
                        0x08022801          Code  Wk  startup_stm32f2xx.o [1]
DMA1_Stream4_IRQHandler
                        0x08022805          Code  Wk  startup_stm32f2xx.o [1]
DMA1_Stream5_IRQHandler
                        0x08022809          Code  Wk  startup_stm32f2xx.o [1]
DMA1_Stream6_IRQHandler
                        0x0802280d          Code  Wk  startup_stm32f2xx.o [1]
DMA1_Stream7_IRQHandler
                        0x08022885          Code  Wk  startup_stm32f2xx.o [1]
DMA2_Stream0_IRQHandler
                        0x080228a9          Code  Wk  startup_stm32f2xx.o [1]
DMA2_Stream1_IRQHandler
                        0x080228ad          Code  Wk  startup_stm32f2xx.o [1]
DMA2_Stream2_IRQHandler
                        0x080228b1          Code  Wk  startup_stm32f2xx.o [1]
DMA2_Stream3_IRQHandler
                        0x080228b5          Code  Wk  startup_stm32f2xx.o [1]
DMA2_Stream4_IRQHandler
                        0x080228b9          Code  Wk  startup_stm32f2xx.o [1]
DMA2_Stream5_IRQHandler
                        0x080215db    0x4c  Code  Gb  stm32f2xx_it.o [1]
DMA2_Stream6_IRQHandler
                        0x080228dd          Code  Wk  startup_stm32f2xx.o [1]
DMA2_Stream7_IRQHandler
                        0x080228e1          Code  Wk  startup_stm32f2xx.o [1]
DMA_ClearFlag           0x080132c5    0x20  Code  Gb  stm32f2xx_dma.o [1]
DMA_Cmd                 0x08013279    0x1a  Code  Gb  stm32f2xx_dma.o [1]
DMA_Configuration       0x080140ed    0x76  Code  Gb  DriveUsart1.o [1]
DMA_DeInit              0x080130ed   0x136  Code  Gb  stm32f2xx_dma.o [1]
DMA_GetFlagStatus       0x08013293    0x32  Code  Gb  stm32f2xx_dma.o [1]
DMA_ITConfig            0x080132e5    0x42  Code  Gb  stm32f2xx_dma.o [1]
DMA_Init                0x08013223    0x56  Code  Gb  stm32f2xx_dma.o [1]
DT_TAB                  0x08021078    0xf4  Data  Gb  ManageDs18b20.o [1]
DeCode                  0x0801e11f   0x7ea  Code  Gb  encryption.o [4]
DebugMon_Handler        0x080227bd          Code  Wk  startup_stm32f2xx.o [1]
Decode                  0x0801f2df    0x32  Code  Lc  MD5_NEW.o [1]
DecodeTab1              0x08022688     0x8  Data  Gb  AdapterSms.o [1]
DefaultPacketUpdateIP   0x080226b0     0x8  Data  Gb  GprsNetwork.o [1]
DelSmsFromSim           0x0800593d    0x64  Code  Gb  GprsNetwork.o [1]
DeviceParameter         0x08021af8    0x3c  Data  Gb  AdapterParameter.o [1]
Door_input              0x0802277c     0x4  Data  Gb  ManagePortControl.o [1]
DownGprs                0x08021e84    0x24  Data  Gb  GprsNetwork.o [1]
DownGprsMqtt            0x08021b34    0x38  Data  Gb  GprsNetwork.o [1]
DriveAdc_StartAdc       0x080187d5    0x26  Code  Gb  DriveAdc.o [1]
DriveAdc_init           0x0801863d    0xf6  Code  Gb  DriveAdc.o [1]
DriveCan2_InitModule    0x0801d07d   0x1e2  Code  Gb  DriveCan2.o [1]
DriveCan2_SendCanExdFrame
                        0x0801d2e1    0x76  Code  Gb  DriveCan2.o [1]
DriveCan2_SendExdFrame  0x0801d357    0x7e  Code  Gb  DriveCan2.o [1]
DriveCan2_SendStdFrame  0x0801d277    0x6a  Code  Gb  DriveCan2.o [1]
DriveCan2_configureModule
                        0x0801d25f    0x18  Code  Gb  DriveCan2.o [1]
DriveCan2_init          0x0801cfd1    0x9c  Code  Gb  DriveCan2.o [1]
DriveCrc_CRC16          0x080130a5    0x48  Code  Gb  DriveCrc.o [1]
DriveCrc_init           0x08013061    0x12  Code  Gb  DriveCrc.o [1]
DriveSysTick_init       0x0801ce25    0x38  Code  Gb  DriveSysTick.o [1]
DriveUsart1_init        0x08013f7d    0xe6  Code  Gb  DriveUsart1.o [1]
DriveUsart2_init        0x0801ce79    0xba  Code  Gb  DriveUsart2.o [1]
DriveUsart6_SendBuff    0x08018c5b    0x48  Code  Gb  DriveUsart6.o [1]
DriveUsart6_init        0x08018b05    0xb8  Code  Gb  DriveUsart6.o [1]
E2promAck               0x080189c9    0x4c  Code  Gb  e2prom_93C86.o [1]
E2promEWDS              0x08018a87    0x16  Code  Gb  e2prom_93C86.o [1]
E2promEWEN              0x08018a71    0x16  Code  Gb  e2prom_93C86.o [1]
E2promSendByte          0x08018a15    0x4e  Code  Gb  e2prom_93C86.o [1]
E2promStart             0x0801897f    0x2a  Code  Gb  e2prom_93C86.o [1]
E2promStop              0x080189a9    0x20  Code  Gb  e2prom_93C86.o [1]
E2prom_BufferRead       0x08018881    0x9c  Code  Gb  e2prom_93C86.o [1]
E2prom_WriteByte        0x0801891d    0x62  Code  Gb  e2prom_93C86.o [1]
E2prom_init             0x08018811    0x70  Code  Gb  e2prom_93C86.o [1]
ERASE_BLOCK             0x2000d424     0x4  Data  Gb  ManageCanBus.o [1]
ETH_IRQHandler          0x080228bd          Code  Wk  startup_stm32f2xx.o [1]
ETH_WKUP_IRQHandler     0x080228c1          Code  Wk  startup_stm32f2xx.o [1]
EXTI0_IRQHandler        0x08015ad9    0x18  Code  Gb  ManagePortControl.o [1]
EXTI15_10_IRQHandler    0x0802166f     0x2  Code  Gb  stm32f2xx_it.o [1]
EXTI1_IRQHandler        0x080215d5     0x2  Code  Gb  stm32f2xx_it.o [1]
EXTI2_IRQHandler        0x080215d7     0x2  Code  Gb  stm32f2xx_it.o [1]
EXTI3_IRQHandler        0x080215d9     0x2  Code  Gb  stm32f2xx_it.o [1]
EXTI4_IRQHandler        0x08015ac1    0x18  Code  Gb  ManagePortControl.o [1]
EXTI9_5_IRQHandler      0x08015a91    0x30  Code  Gb  ManagePortControl.o [1]
EXTI_ClearITPendingBit  0x08017df1     0x6  Code  Gb  stm32f2xx_exti.o [1]
EXTI_Configuration      0x08012f39    0x2c  Code  Gb  rtc.o [1]
EXTI_GetITStatus        0x08017dcd    0x24  Code  Gb  stm32f2xx_exti.o [1]
EXTI_Init               0x08017d45    0x88  Code  Gb  stm32f2xx_exti.o [1]
EeyeLib_TwoSearch       0x0801183b    0x96  Code  Gb  EeyeLib.o [1]
Encode                  0x0801f31f    0x38  Code  Lc  MD5_NEW.o [1]
EraseAddr               0x2000d440     0x4  Data  Gb  ManageCanBus.o [1]
Event_addTask           0x0800cde9    0x28  Code  Gb  OS_EVENT.o [1]
Event_change            0x0800ce3b    0x32  Code  Gb  OS_EVENT.o [1]
Event_removeTask        0x0800ce11    0x2a  Code  Gb  OS_EVENT.o [1]
ExDevCmdAck             0x0801362f    0x88  Code  Gb  ManageExDev.o [1]
ExDev_sendData          0x080135e3    0x4c  Code  Gb  ManageExDev.o [1]
ExtiShakeFlag           0x2000d496     0x1  Data  Lc  DriverLis2dh.o [1]
F                       0x0801dff9     0xa  Code  Gb  encryption.o [4]
FF                      0x0801e027    0x3e  Code  Gb  encryption.o [4]
FLASH_EraseSector       0x0801428b    0xb0  Code  Gb  stm32f2xx_flash.o [1]
FLASH_GetStatus         0x08014449    0x3c  Code  Gb  stm32f2xx_flash.o [1]
FLASH_IRQHandler        0x080215d1     0x2  Code  Gb  stm32f2xx_it.o [1]
FLASH_Lock              0x08014279    0x12  Code  Gb  stm32f2xx_flash.o [1]
FLASH_OB_RDPConfig      0x08014431    0x18  Code  Gb  stm32f2xx_flash.o [1]
FLASH_PrefetchBufferCmd
                        0x0801422d    0x2c  Code  Gb  stm32f2xx_flash.o [1]
FLASH_ProgramByte       0x080143e3    0x4e  Code  Gb  stm32f2xx_flash.o [1]
FLASH_ProgramHalfWord   0x0801438f    0x54  Code  Gb  stm32f2xx_flash.o [1]
FLASH_ProgramWord       0x0801433b    0x54  Code  Gb  stm32f2xx_flash.o [1]
FLASH_SetLatency        0x08014225     0x8  Code  Gb  stm32f2xx_flash.o [1]
FLASH_Unlock            0x08014259    0x20  Code  Gb  stm32f2xx_flash.o [1]
FLASH_WaitForLastOperation
                        0x080144a1    0x28  Code  Gb  stm32f2xx_flash.o [1]
FSMC_IRQHandler         0x08021673     0x2  Code  Gb  stm32f2xx_it.o [1]
FailureNumberString     0x2000d2f4    0x10  Data  Gb  ManageKeyUnlock.o [1]
FrameEnd                0x2000d488     0x2  Data  Lc  ManageCanBus.o [1]
FrameHead               0x2000d486     0x2  Data  Lc  ManageCanBus.o [1]
FtpProgramData          0x080104e5    0x18  Code  Gb  ManageFlashProgram.o [1]
FunctionParameter       0x08022670     0x8  Data  Gb  AdapterParameter.o [1]
G                       0x0801e003     0x8  Code  Gb  encryption.o [4]
GG                      0x0801e0a3    0x3e  Code  Gb  encryption.o [4]
GPIO_Init               0x08017e0d    0xa6  Code  Gb  stm32f2xx_gpio.o [1]
GPIO_PinAFConfig        0x08017ee7    0x52  Code  Gb  stm32f2xx_gpio.o [1]
GPIO_ReadInputDataBit   0x08017eb3    0x16  Code  Gb  stm32f2xx_gpio.o [1]
GPIO_ReadOutputDataBit  0x08017ec9    0x16  Code  Gb  stm32f2xx_gpio.o [1]
GPIO_ResetBits          0x08017ee3     0x4  Code  Gb  stm32f2xx_gpio.o [1]
GPIO_SetBits            0x08017edf     0x4  Code  Gb  stm32f2xx_gpio.o [1]
GetCenterIp             0x08005c63   0x1bc  Code  Gb  GprsNetwork.o [1]
GetCrc32WithSeed        0x08010bed    0x20  Code  Gb  ManagePacketUpdate.o [1]
GetSector               0x08010629    0xa2  Code  Gb  ManageFlashProgram.o [1]
GetSmsTelNum            0x080120dd    0x58  Code  Gb  AdapterSms.o [1]
GotoGsmStart            0x08005e1f    0x32  Code  Gb  GprsNetwork.o [1]
GprsInnerBuff           0x2000c8a8    0x84  Data  Lc  GprsNetwork.o [1]
GprsNetWork_Get24HourNoLink
                        0x0800844b    0x22  Code  Gb  GprsNetwork.o [1]
GprsNetWork_Set24HourNoLink
                        0x080083ed    0x5e  Code  Gb  GprsNetwork.o [1]
GprsNetowork_GetGsmModeState
                        0x080075ad     0xe  Code  Gb  GprsNetwork.o [1]
GprsNetowork_GetLGprsLinkState
                        0x0800759f     0xe  Code  Gb  GprsNetwork.o [1]
GprsNetworkRemoteUpdate_LoginHttpServer
                        0x080086f1   0x4a0  Code  Gb  GprsNetwork.o [1]
GprsNetwork_CheckDOMAIN
                        0x080084fd    0x36  Code  Gb  GprsNetwork.o [1]
[...]
__aeabi_memmove8        0x0801daa9          Code  Gb  ABImemmove.o [6]
__aeabi_memset          0x08018a9d          Code  Gb  ABImemset.o [6]
__aeabi_ui2d            0x0801d4d1          Code  Gb  I32ToDbl.o [5]
__cexit_clearlocks      0x080222bf          Code  Gb  cexit.o [6]
__cexit_closeall        0x080222bb          Code  Gb  cexit.o [6]
__close                 0x080218e1    0x1a  Code  Gb  close.o [7]
__cmain                 0x08022299          Code  Gb  cmain.o [6]
__cstart_clearlocks     0x0802290c          Data  Gb  cstart_clearlocks.o [6]
__cstart_closeall       0x0802290c          Data  Gb  cstart_closeall.o [6]
__data_Aldata           0x2000d410     0x8  Data  Gb  xxmemxmalloc.o [3]
__data_GetMemChunk      0x0801fe9d    0x28  Code  Gb  xgetmemchunk.o [3]
__dwrite                0x0802135d    0x1e  Code  Gb  dwrite.o [7]
__exit                  0x080222cd    0x14  Code  Gb  exit.o [7]
__iar_Dint              0x080202c7    0x7a  Code  Gb  xdint.o [5]
__iar_Errno             0x2000d47c     0x4  Data  Gb  errno.o [3]
__iar_Lockfilelock      0x0801fd5d    0x8c  Code  Gb  xsyslock.o [3]
__iar_Locksyslock       0x0801fdff    0x88  Code  Gb  xsyslock.o [3]
__iar_Mbcurmax          0x0801d93d     0xa  Code  Gb  xmbcurmax.o [3]
__iar_Memchr            0x0801d8e5          Code  Gb  memchr.o [6]
__iar_Memset            0x08018a9d          Code  Gb  ABImemset.o [6]
__iar_Memset4_word      0x0801c9fd          Code  Gb  ABImemset48.o [6]
__iar_Memset8_word      0x0801c9fd          Code  Gb  ABImemset48.o [6]
__iar_Memset_word       0x08018aa5          Code  Gb  ABImemset.o [6]
__iar_Quad              0x08020109   0x170  Code  Gb  xquad.o [5]
__iar_SB                0x0802290c          Data  Gb  bwt_init3c.o [6]
__iar_Sin               0x0801fec5   0x1f0  Code  Gb  xsin.o [5]
__iar_Stderr            0x200000c0    0x40  Data  Gb  xfiles.o [3]
__iar_Stdin             0x20000040    0x40  Data  Gb  xfiles.o [3]
__iar_Stdout            0x20000080    0x40  Data  Gb  xfiles.o [3]
__iar_Stoul             0x0801fc13     0x4  Code  Gb  xstoul.o [3]
__iar_Stoulx            0x0801faf5   0x11e  Code  Gb  xstoul.o [3]
__iar_Strchr            0x08012c19          Code  Gb  strchr.o [6]
__iar_Strstr            0x0801c8f1    0x2c  Code  Gb  strstr.o [3]
__iar_Unlockfilelock    0x0801fde9    0x16  Code  Gb  xsyslock.o [3]
__iar_Unlocksyslock     0x0801fe87    0x12  Code  Gb  xsyslock.o [3]
__iar_clearlocks        0x0801fce9    0x74  Code  Gb  xsyslock.o [3]
__iar_close_ttio        0x080213bd    0x2e  Code  Gb  iarttio.o [7]
__iar_d2uiz             0x0801d6c9          Code  Gb  DblToI32.o [5]
__iar_dadd              0x0801f539          Code  Gb  DblAdd.o [5]
__iar_data_init3        0x08021d99    0x2c  Code  Gb  data_init3.o [6]
__iar_default_requirements$$_Printf<unknown>printf {Abs}
                        0x00000000           --   Gb  printf.o [3]
__iar_default_requirements$$_Printf<unknown>sprintf {Abs}
                        0x00000000           --   Gb  sprintf.o [3]
__iar_dlib_perthread_access
                        0x080200f5     0x2  Code  Gb  xtls.o [3]
__iar_dsub              0x0801f891          Code  Gb  DblSub.o [5]
__iar_dsubStart         0x0801f8a3          Code  Gb  DblSub.o [5]
__iar_edom              0x080200b5          Code  Gb  iarEdom.o [6]
__iar_file_Mtxdst       0x080200f9     0x2  Code  Gb  xmtx2.o [3]
__iar_file_Mtxinit      0x080200f7     0x2  Code  Gb  xmtx2.o [3]
__iar_file_Mtxlock      0x080200fb     0x2  Code  Gb  xmtx2.o [3]
__iar_file_Mtxunlock    0x080200fd     0x2  Code  Gb  xmtx2.o [3]
__iar_fmod              0x08020349          Code  Gb  fmod.o [5]
__iar_fmodl             0x08020349          Code  Gb  fmod.o [5]
__iar_get_ttio          0x080213ed    0x38  Code  Gb  iarttio.o [7]
__iar_lookup_ttioh      0x08021429     0x8  Code  Gb  XShttio.o [3]
__iar_packbits_init3    0x080216ad    0xa0  Code  Gb  packbits_init3.o [6]
__iar_program_start     0x0802265d          Code  Gb  cstartup_M.o [6]
__iar_provide$$_Printf<flags,int_specials,multibytes,qualifiers,widths>_PrintfSmall {Abs}
                        0x00000000           --   Gb  xprintfsmall.o [3]
__iar_sh_Discard        0x08020e05    0x6e  Code  Gb  XShHandles.o [3]
__iar_sh_Move           0x08020e73    0x72  Code  Gb  XShHandles.o [3]
__iar_sh_Pos            0x08020ee5    0x6a  Code  Gb  XShHandles.o [3]
__iar_sh_stdout         0x0802137b    0x20  Code  Gb  iarwstd.o [7]
__iar_sh_write          0x0802139b    0x22  Code  Gb  iarwrite.o [7]
__iar_sqrt              0x0801fa05          Code  Gb  sqrt.o [5]
__iar_strcmp            0x0801c91d          Code  Gb  strcmp.o [6]
__iar_system_Mtxdst     0x08020101     0x2  Code  Gb  xmtx.o [3]
__iar_system_Mtxinit    0x080200ff     0x2  Code  Gb  xmtx.o [3]
__iar_system_Mtxlock    0x08020103     0x2  Code  Gb  xmtx.o [3]
__iar_system_Mtxunlock  0x08020105     0x2  Code  Gb  xmtx.o [3]
__iar_ttio_handles      0x20000148     0x8  Data  Lc  XShttio.o [3]
__iar_ui2d              0x0801d4d5          Code  Gb  I32ToDbl.o [5]
__iar_zero_init3        0x0800b077    0x22  Code  Gb  zero_init3.o [6]
__low_level_init        0x080222af     0x4  Code  Gb  low_level_init.o [3]
__lseek                 0x08021301    0x4c  Code  Gb  lseek.o [7]
__vector_table          0x08004000          Data  Gb  startup_stm32f2xx.o [1]
__write                 0x0802134d    0x10  Code  Gb  write.o [7]
_call_main              0x080222a5          Code  Gb  cmain.o [6]
_exit                   0x080222b9          Code  Gb  cexit.o [6]
_main                   0x080222ab          Code  Gb  cmain.o [6]
abs                     0x08012fed     0x8  Code  Gb  abs.o [3]
app_size_counter        0x2000d450     0x4  Data  Gb  ManageCanBus.o [1]
atConnectSvr            0x080224a8    0x10  Data  Gb  GprsNetwork.o [1]
atGprsDefinePDP         0x08022488    0x10  Data  Gb  GprsNetwork.o [1]
atGprsSend              0x08022498    0x10  Data  Gb  GprsNetwork.o [1]
atMqttConnectClient     0x08022468    0x10  Data  Gb  GprsNetwork.o [1]
atMqttSend              0x08022238    0x18  Data  Gb  GprsNetwork.o [1]
atMqttSub               0x08022478    0x10  Data  Gb  GprsNetwork.o [1]
atcmgd                  0x080225e4     0xc  Data  Gb  GprsNetwork.o [1]
atcmgr                  0x080225f0     0xc  Data  Gb  GprsNetwork.o [1]
atoi                    0x0801c409     0x8  Code  Gb  atoi.o [3]
battery_control         0x08022748     0x4  Data  Gb  InterfaceSystem.o [1]
bin_buff                0x20007da4   0x800  Data  Gb  ManageCanBus.o [1]
block_seq_counter       0x2000d44c     0x4  Data  Gb  ManageCanBus.o [1]
bswap32                 0x0801165d    0x18  Code  Gb  EeyeLib.o [1]
busCan_control          0x08022750     0x4  Data  Gb  InterfaceSystem.o [1]
busPower_control        0x0802274c     0x4  Data  Gb  InterfaceSystem.o [1]
canTx_Delay             0x08019ca7    0x14  Code  Gb  ManageCanBus.o [1]
chackTel                0x0801167b    0x46  Code  Gb  EeyeLib.o [1]
chk_buff                0x200075a4   0x800  Data  Gb  ManageCanBus.o [1]
cos                     0x0801f875     0x6  Code  Gb  cos.o [5]
crctab                  0x080204f0   0x400  Data  Lc  ManagePacketUpdate.o [1]
diag_req_buff           0x2000a218   0x400  Data  Gb  ManageCanBus.o [1]
digits                  0x0801fc18    0x28  Data  Lc  xstoul.o [3]
ds18b20_getTemperature  0x08014dd9     0x8  Code  Gb  ManageDs18b20.o [1]
ebuf                    0x2000cd58    0x50  Data  Lc  xfiles.o [3]
eventNode               0x2000d1e0    0x20  Data  Lc  OS_EVENT.o [1]
exit                    0x080222b3     0x4  Code  Gb  exit.o [3]
fclose                  0x080217dd    0x82  Code  Gb  fclose.o [3]
fflush                  0x080212b9    0x38  Code  Gb  fflush.o [3]
fflushOne               0x08021241    0x78  Code  Lc  fflush.o [3]
file_mtx                0x2000cfc4    0x20  Data  Lc  xsyslock.o [3]
fmod                    0x08020349          Code  Gb  fmod.o [5]
fmodl                   0x08020349          Code  Gb  fmod.o [5]
fputc                   0x08021a25    0x54  Code  Gb  fputc.o [3]
frame_loss              0x2000d4ab     0x1  Data  Gb  ManageCanBus.o [1]
frame_timeout           0x2000d4ac     0x1  Data  Gb  ManageCanBus.o [1]
free                    0x0801da21    0x82  Code  Gb  xxmemxfree.o [3]
fseek                   0x080215a9    0x24  Code  Gb  fseek.o [3]
ft                      0x080144c9    0x4a  Code  Gb  hmacsha1.o [1]
gAlarm                  0x200095a4   0x450  Data  Lc  ManageAlarm.o [1]
gBlindArea              0x2000d2d4    0x10  Data  Lc  ManageBlindArea.o [1]
gBusPulseObject         0x2000caa0    0x70  Data  Lc  ManageBusPulse.o [1]
gCanDwObj               0x2000d378     0xc  Data  Lc  ManageCanBus.o [1]
gCanExdFramObject       0x2000d0fc    0x2c  Data  Lc  ManageCanBus.o [1]
gCanIsrClass            0x20008c08   0x51c  Data  Lc  ManageCanBus.o [1]
gCanObject              0x2000cc4c    0x60  Data  Lc  ManageCanBus.o [1]
gCanPassWord            0x2000d2e4    0x10  Data  Lc  ManageCanBus.o [1]
gCanServerSend          0x2000cb80    0x68  Data  Lc  ManageCanBus.o [1]
gCanSpecialObj          0x20005180  0x1394  Data  Lc  ManageCanBus.o [1]
gCheckId                0x2000d460     0x4  Data  Gb  ManageProtocol.o [1]
gExDevAck               0x2000d3d4     0x8  Data  Lc  ManageExDev.o [1]
gExDevObject            0x20009e08   0x410  Data  Gb  ManageExDev.o [1]
gFlashProgram           0x20000158  0x5028  Data  Gb  ManageRemoteUpdate.o [1]
gGprsObject             0x2000afb4   0x260  Data  Gb  GprsNetwork.o [1]
gGpsInfo                0x2000d340    0x10  Data  Lc  ModuleGps.o [1]
gGpsIsrClass            0x2000cb10    0x70  Data  Lc  ModuleGps.o [1]
gGpsObject              0x2000c820    0x88  Data  Lc  ModuleGps.o [1]
gGsmIsrClass            0x20006514   0x880  Data  Lc  GprsNetwork.o [1]
gIapDataFrame           0x2000d3cc     0x8  Data  Lc  InterfaceIap.o [1]
gIapInfo                0x2000d200    0x1c  Data  Lc  InterfaceIap.o [1]
gInComIsrData           0x200099f4   0x414  Data  Lc  InterfaceInCom.o [1]
gKeyEvent               0x2000d24c    0x18  Data  Lc  ManageKeyUnlock.o [1]
gLedBeenAlarm           0x2000d27c    0x18  Data  Lc  ManageKeyUnlock.o [1]
gLedDisplay             0x2000d264    0x18  Data  Lc  ManageKeyUnlock.o [1]
gLockCarObject          0x2000cbe8    0x64  Data  Lc  ManageLockCar.o [1]
gLowPowerUp             0x2000d39c     0xc  Data  Gb  ManageProtocol.o [1]
gMD5Struct              0x2000ccac    0x58  Data  Gb  MD5_NEW.o [1]
gOilObgect              0x2000c50c    0xe0  Data  Lc  ManageVoltSample.o [1]
gPacketResult           0x2000d390     0xc  Data  Gb  ManagePacketUpdate.o [1]
gPacketUpdate           0x2000c124   0x10c  Data  Gb  ManagePacketUpdate.o [1]
gPortControlObject      0x2000cd04    0x54  Data  Lc  ManagePortControl.o [1]
gPosTrackObject         0x2000d150    0x28  Data  Lc  ManagePosTrack.o [1]
gPosTrackObject_Mqtt    0x2000d178    0x28  Data  Lc  ManagePosTrack.o [1]
gPowerObject            0x2000c5ec    0xd4  Data  Lc  ManageVoltSample.o [1]
gProtocolAckBuff        0x2000a94c   0x334  Data  Lc  ManageProtocol.o [1]
gProtocolAckBuff_MQTT   0x2000bccc   0x190  Data  Lc  ManageProtocol.o [1]
gProtocolAckState       0x2000d314    0x10  Data  Lc  ManageProtocol.o [1]
gProtocolAckState_Mqtt  0x2000d3a8     0xc  Data  Lc  ManageProtocol.o [1]
gProtocolRealAckBuff    0x2000ac80   0x334  Data  Lc  ManageProtocol.o [1]
gProtocolUpState        0x2000d1c0    0x20  Data  Lc  ManageProtocol.o [1]
gRTobject               0x2000d45c     0x4  Data  Gb  ManageDs18b20.o [1]
gRemotePacketData       0x20006d94   0x810  Data  Gb  ManagePacketUpdate.o [1]
gRemotePacketInfo       0x2000d2ac    0x14  Data  Gb  ManagePacketUpdate.o [1]
gRemotePacketUpdate     0x2000d384     0xc  Data  Gb  ManagePacketUpdate.o [1]
gRemoteStruct           0x2000c428    0xe4  Data  Gb  ManageRemoteUpdate.o [1]
gServerMsg              0x2000b6c4   0x204  Data  Gb  GprsNetwork.o [1]
gServerMsg_Mqtt         0x2000b8c8   0x204  Data  Gb  GprsNetwork.o [1]
gSmsObject              0x2000bfec   0x138  Data  Gb  GprsNetwork.o [1]
gSystemObject           0x2000d234    0x18  Data  Lc  InterfaceSystem.o [1]
gSystemPowerObject      0x2000d21c    0x18  Data  Lc  InterfaceSystem.o [1]
gSystemRestartObject    0x2000d1a0    0x20  Data  Lc  InterfaceSystem.o [1]
gSystemStopModeObject   0x2000d360     0xc  Data  Gb  InterfaceSystem.o [1]
gSystemTransObj         0x2000d36c     0xc  Data  Lc  InterfaceSystem.o [1]
gTaskObject             0x2000d408     0x8  Data  Lc  OS_TASK.o [1]
gTimeObject             0x2000d294    0x18  Data  Lc  ManageTime.o [1]
gWatchdogObiect         0x2000d3e4     0x8  Data  Lc  ManageWatchdog.o [1]
gWorkStatStruct         0x2000cf84    0x3c  Data  Lc  ManageWorkStat.o [1]
g_MqttDial              0x2000d49b     0x1  Data  Lc  GprsNetwork.o [1]
gprotocolObject         0x2000d304    0x10  Data  Gb  ManageProtocol.o [1]
gprsIgtPin              0x08022738     0x4  Data  Gb  GprsNetwork.o [1]
gprsPowerPin            0x08022734     0x4  Data  Gb  GprsNetwork.o [1]
gprsShowPin             0x0802273c     0x4  Data  Gb  GprsNetwork.o [1]
gprsShowPin1            0x0802279c     0x4  Data  Gb  main.o [1]
gpsPowerPin             0x08022790     0x4  Data  Gb  ModuleGps.o [1]
gpsShowPin              0x08022794     0x4  Data  Gb  ModuleGps.o [1]
gpsShowPin1             0x08022798     0x4  Data  Gb  main.o [1]
gpsTime                 0x2000d3ec     0x8  Data  Lc  ManageWorkStat.o [1]
gsmShowPin              0x08022740     0x4  Data  Gb  GprsNetwork.o [1]
gsmShowPin1             0x080227a0     0x4  Data  Gb  main.o [1]
high_input              0x08022770     0x4  Data  Gb  ManagePortControl.o [1]
hmac_sha1               0x08014805    0xf8  Code  Gb  hmacsha1.o [1]
ipad                    0x20000154     0x1  Data  Gb  hmacsha1.o [1]
isspace                 0x080200c1    0x14  Code  Gb  isxxx.o [3]
k                       0x08014513    0x2a  Code  Gb  hmacsha1.o [1]
k0                      0x2000cec4    0x40  Data  Gb  hmacsha1.o [1]
k0xorIpad               0x2000cf04    0x40  Data  Gb  hmacsha1.o [1]
main                    0x0801493d    0xb4  Code  Gb  main.o [1]
malloc                  0x0801d949    0xb6  Code  Gb  xxmemxmalloc.o [3]
memchr                  0x0801d8e5          Code  Gb  memchr.o [6]
memcmp                  0x08012ffd          Code  Gb  memcmp.o [6]
memcpy                  0x0800cd95     0xe  Code  Gb  ModuleGps.o [1]
memmove                 0x080193e9     0xe  Code  Gb  ManageProtocol.o [1]
memset                  0x0800ae41    0x14  Code  Gb  ManageRemoteUpdate.o [1]
mtx                     0x2000cfe4    0x14  Data  Lc  xsyslock.o [3]
ndigs                   0x0801fc40    0x28  Data  Lc  xstoul.o [3]
obuf                    0x2000cda8    0x50  Data  Lc  xfiles.o [3]
opad                    0x20000155     0x1  Data  Gb  hmacsha1.o [1]
out_key                 0x2000d420     0x4  Data  Gb  ManageCanBus.o [1]
portInValue             0x080155a9    0x18  Code  Gb  ManagePortControl.o [1]
print                   0x080119d3     0x6  Code  Gb  myPrintf.o [1]
printf                  0x0800cdad    0x24  Code  Gb  printf.o [3]
protocolMqttBuff        0x2000be5c   0x190  Data  Lc  ManageProtocol.o [1]
protocolReceBuff        0x2000a618   0x334  Data  Lc  ManageProtocol.o [1]
protocolUpBuffer        0x200085a4   0x664  Data  Lc  ManageProtocol.o [1]
putchar                 0x080222f9     0xc  Code  Gb  putchar.o [3]
remove                  0x080218fb    0x16  Code  Gb  remove.o [7]
revbit                  0x08011675     0x6  Code  Gb  EeyeLib.o [1]
rotl                    0x0801453d    0x1e  Code  Gb  hmacsha1.o [1]
sFileInfo               0x2000c9ac    0x80  Data  Lc  XShHandles.o [3]
sendFastPacket          0x08019e57    0xd6  Code  Gb  ManageCanBus.o [1]
sendOneByte             0x0801c847    0x5e  Code  Gb  SpiFlash.o [1]
sha1                    0x0801455b   0x2aa  Code  Gb  hmacsha1.o [1]
sin                     0x0801f9fd     0x6  Code  Gb  sin.o [5]
smsTelNum               0x080223c8    0x10  Data  Gb  AdapterSms.o [1]
smsTelNumBackup         0x080223d8    0x10  Data  Gb  AdapterSms.o [1]
smsTelNum_1             0x08022340    0x14  Data  Gb  AdapterSms.o [1]
sprintf                 0x08011bb5    0x34  Code  Gb  sprintf.o [3]
sqrt                    0x0801fa05          Code  Gb  sqrt.o [5]
sqrtl                   0x0801fa05          Code  Gb  sqrt.o [5]
step5data               0x20009124   0x480  Data  Gb  hmacsha1.o [1]
step7data               0x2000cf44    0x40  Data  Gb  hmacsha1.o [1]
step8data               0x2000c92c    0x80  Data  Gb  hmacsha1.o [1]
strchr                  0x08012c19          Code  Gb  strchr.o [6]
strcmp                  0x0801c91d          Code  Gb  strcmp.o [6]
strcpy                  0x0801c8ad          Code  Gb  strcpy.o [6]
strlen                  0x08011be9          Code  Gb  strlen.o [6]
strncmp                 0x08011631    0x2a  Code  Gb  strncmp.o [3]
strstr                  0x080119cb     0x8  Code  Gb  main.o [1]
syslock_o               0x2000cfc0     0x4  Data  Lc  xsyslock.o [3]
systemSleep             0x0800b075     0x2  Code  Gb  OS_TASK.o [1]
system_checkId          0x08009efd    0x18  Code  Gb  InterfaceSystem.o [1]
taskNode                0x2000c32c    0xfc  Data  Lc  OS_TASK.o [1]
tempFileFlag            0x20000151     0x1  Data  Gb  ManageCanBus.o [1]
tempGpsInfo             0x2000d350    0x10  Data  Lc  ModuleGps.o [1]
tempRunTask             0x2000d490     0x2  Data  Lc  OS_TASK.o [1]
tempSmsNum              0x2000d02c    0x34  Data  Lc  AdapterSms.o [1]
tolower                 0x080200d5    0x14  Code  Gb  tolower.o [3]
uds_check_end_addr      0x0801af17    0x60  Code  Gb  ManageCanBus.o [1]
uds_check_end_addr_val  0x0801af77    0x58  Code  Gb  ManageCanBus.o [1]
uds_copy_rom            0x0801b5f9    0x58  Code  Gb  ManageCanBus.o [1]
uds_copy_rom_val        0x0801b655    0x30  Code  Gb  ManageCanBus.o [1]
uds_erase_req_rom       0x0801afd5    0x82  Code  Gb  ManageCanBus.o [1]
uds_erase_req_val_rom   0x0801b065    0x70  Code  Gb  ManageCanBus.o [1]
uds_flash_backup        0x20000150     0x1  Data  Gb  ManageCanBus.o [1]
uds_hex_to_bin          0x0801b20b   0x19c  Code  Gb  ManageCanBus.o [1]
uds_hexfile_find        0x0801b1e9    0x22  Code  Gb  ManageCanBus.o [1]
uds_key_generate        0x0801ad89    0x6a  Code  Gb  ManageCanBus.o [1]
uds_key_validation      0x0801adfd    0x34  Code  Gb  ManageCanBus.o [1]
uds_prg_sess_req        0x0801acf1    0x58  Code  Gb  ManageCanBus.o [1]
uds_prg_sess_val        0x0801ad51    0x32  Code  Gb  ManageCanBus.o [1]
uds_pwron_reset_req     0x0801b685    0x60  Code  Gb  ManageCanBus.o [1]
uds_req_dwnload_rom     0x0801b0d5    0x6c  Code  Gb  ManageCanBus.o [1]
uds_req_dwnload_rom_val
                        0x0801b141    0x2e  Code  Gb  ManageCanBus.o [1]
uds_seed_req_val        0x0801ae99    0x7e  Code  Gb  ManageCanBus.o [1]
uds_trsfr_data_rom_val  0x0801b4e1    0x84  Code  Gb  ManageCanBus.o [1]
uds_trsfr_exit_rom      0x0801b565    0x58  Code  Gb  ManageCanBus.o [1]
uds_trsfr_exit_rom_val  0x0801b5bd    0x3c  Code  Gb  ManageCanBus.o [1]
uds_trsfr_hexdata_rom   0x0801b3a9   0x138  Code  Gb  ManageCanBus.o [1]
uds_tx_req              0x0801b80f    0x58  Code  Gb  ManageCanBus.o [1]
uds_tx_req_val          0x0801b867    0x1c  Code  Gb  ManageCanBus.o [1]
uds_tx_start            0x0801b7bd    0x52  Code  Gb  ManageCanBus.o [1]
uds_update_cnt          0x2000d4a7     0x1  Data  Gb  ManageCanBus.o [1]
usDelay                 0x0801c82b    0x1c  Code  Gb  SpiFlash.o [1]
variables_init          0x0801b6ed    0x96  Code  Gb  ManageCanBus.o [1]
x                       0x2000ce84    0x40  Data  Gb  MD5_NEW.o [1]


[1] = F:\ÐìÏþ½¡\EGS502T2-ZL(AP-UDS)\iar\Debug\Obj
[2] = command line
[3] = dl7M_tlf.a
[4] = encryption.a
[5] = m7M_tl.a
[6] = rt7M_tl.a
[7] = shb_l.a

  119 300 bytes of readonly  code memory
    6 065 bytes of readonly  data memory
   55 991 bytes of readwrite data memory

Errors: none
Warnings: none
